openEMS - fixed number of threads: 8
openEMS - verbose level 1
 ---------------------------------------------------------------------- 
 | openEMS 64bit -- version v0.37.0-rc1-6-g2000574
 | (C) 2010-2026 Thorsten Liebig <thorsten.liebig@gmx.de>  GPL license
 ---------------------------------------------------------------------- 
	Used external libraries:
		CSXCAD -- Version: v0.7.0-rc1-3-ge558171
		hdf5   -- Version: 1.10.4
		          compiled against: HDF5 library version: 1.10.4
		tinyxml -- compiled against: 2.6.2
		fparser
		boost  -- compiled against: 1_71
		vtk -- Version: 7.1.1
		       compiled against: 7.1.1

Create FDTD operator (compressed SSE + multi-threading)
Multithreaded operator using 8 threads.
Compressing the FDTD operator... this may take a while...
------- Stat: FDTD Operator -------
Dimensions		: 117x301x19 = 669123 Cells (0.67 MCells)
Size of Operator	: 32117904 Byte (30.63 MiB) 
Size of Field-Data	: 16058952 Byte (15.32 MiB) 
-----------------------------------
Background materials (epsR/mueR/kappa/sigma): 1.00/1.00/0.00/0.00
-----------------------------------
Number of PEC edges	: 18986
in x direction		: 7600
in y direction		: 7548
in z direction		: 3838
-----------------------------------
Timestep (s)		: 0.00
Timestep method name	: Rennings_2
Nyquist criteria (TS)	: 3987
Nyquist criteria (s)	: 0.00
-----------------------------------
SSE compression enabled	: yes
Unique SSE operators	: 6331
-----------------------------------
-----------------------------------
--- Excitation Extension ---
Voltage excitations	: 152	 (0, 0, 152)
Current excitations	: 0	 (0, 0, 0)
Excitation Length (TS)	: 45692
Excitation Length (s)	: 0.00
--- Uniaxial PML Extension ---
 PML range		: [0,0,0] to [8,300,18]
 Grading function	: " -log(1e-6)*log(2.5)/(2*dl*Z*(pow(2.5,W/dl)-1)) * pow(2.5, D/dl) "
--- Uniaxial PML Extension ---
 PML range		: [108,0,0] to [116,300,18]
 Grading function	: " -log(1e-6)*log(2.5)/(2*dl*Z*(pow(2.5,W/dl)-1)) * pow(2.5, D/dl) "
--- Uniaxial PML Extension ---
 PML range		: [9,0,0] to [107,8,18]
 Grading function	: " -log(1e-6)*log(2.5)/(2*dl*Z*(pow(2.5,W/dl)-1)) * pow(2.5, D/dl) "
--- Uniaxial PML Extension ---
 PML range		: [9,292,0] to [107,300,18]
 Grading function	: " -log(1e-6)*log(2.5)/(2*dl*Z*(pow(2.5,W/dl)-1)) * pow(2.5, D/dl) "
--- Uniaxial PML Extension ---
 PML range		: [9,9,10] to [107,291,18]
 Grading function	: " -log(1e-6)*log(2.5)/(2*dl*Z*(pow(2.5,W/dl)-1)) * pow(2.5, D/dl) "
--- Series/Parallel Lumped RLC load ---
Active cells		: 0
-----------------------------------
Creation time for operator: 1.86 s
FDTD simulation size: 117x301x19 --> 669123.00 FDTD cells 
FDTD timestep is: 0.00 s; Nyquist rate: 3987 timesteps @5000377874.00 Hz
openEMS::SetupFDTD: Warning, the timestep seems to be very small --> long simulation. Check your mesh!?
Excitation signal length is: 45692 timesteps (0.00s)
Max. number of timesteps: 500000 ( --> 10.94 * Excitation signal length)
Create FDTD engine (compressed SSE + multi-threading)
Multithreaded engine using 8 threads. Utilization: (15;15;15;15;15;14;14;14)
Setting up processing...
Warning: Unused primitive (type: Box) detected in property: msl_port_metal!
Running FDTD engine... this may take a while... grab a cup of coffee?!?
[@        5s] Timestep:         1992 || Speed:  238.5 MC/s (2.806e-03 s/TS) || Energy: ~2.68e-21 (- 0.00dB)
[@       11s] Timestep:         3984 || Speed:  236.2 MC/s (2.833e-03 s/TS) || Energy: ~9.07e-21 (- 0.00dB)
[@       16s] Timestep:         5976 || Speed:  240.4 MC/s (2.783e-03 s/TS) || Energy: ~1.10e-18 (- 0.00dB)
[@       22s] Timestep:         7968 || Speed:  244.6 MC/s (2.735e-03 s/TS) || Energy: ~1.49e-17 (- 0.00dB)
[@       27s] Timestep:         9960 || Speed:  239.1 MC/s (2.798e-03 s/TS) || Energy: ~4.18e-17 (- 0.00dB)
[@       33s] Timestep:        11952 || Speed:  244.7 MC/s (2.734e-03 s/TS) || Energy: ~4.92e-17 (- 0.00dB)
[@       38s] Timestep:        13944 || Speed:  234.6 MC/s (2.853e-03 s/TS) || Energy: ~1.82e-15 (- 0.00dB)
[@       44s] Timestep:        15936 || Speed:  242.2 MC/s (2.763e-03 s/TS) || Energy: ~8.92e-15 (- 0.00dB)
[@       50s] Timestep:        17928 || Speed:  237.0 MC/s (2.823e-03 s/TS) || Energy: ~1.03e-14 (- 0.00dB)
[@       55s] Timestep:        19920 || Speed:  237.7 MC/s (2.815e-03 s/TS) || Energy: ~6.24e-15 (- 2.16dB)
[@     1m01s] Timestep:        21912 || Speed:  241.1 MC/s (2.775e-03 s/TS) || Energy: ~4.44e-14 (- 0.00dB)
[@     1m06s] Timestep:        23904 || Speed:  244.1 MC/s (2.741e-03 s/TS) || Energy: ~7.95e-14 (- 0.00dB)
[@     1m12s] Timestep:        25896 || Speed:  240.0 MC/s (2.788e-03 s/TS) || Energy: ~4.74e-14 (- 2.24dB)
[@     1m17s] Timestep:        27888 || Speed:  241.6 MC/s (2.770e-03 s/TS) || Energy: ~2.75e-14 (- 4.61dB)
[@     1m23s] Timestep:        29880 || Speed:  241.1 MC/s (2.775e-03 s/TS) || Energy: ~3.57e-14 (- 3.47dB)
[@     1m28s] Timestep:        31872 || Speed:  239.9 MC/s (2.789e-03 s/TS) || Energy: ~2.88e-14 (- 4.41dB)
[@     1m34s] Timestep:        33864 || Speed:  242.3 MC/s (2.761e-03 s/TS) || Energy: ~1.49e-14 (- 7.28dB)
[@     1m40s] Timestep:        35856 || Speed:  231.8 MC/s (2.887e-03 s/TS) || Energy: ~8.33e-15 (- 9.80dB)
[@     1m45s] Timestep:        37848 || Speed:  240.0 MC/s (2.788e-03 s/TS) || Energy: ~6.28e-15 (-11.02dB)
[@     1m51s] Timestep:        39840 || Speed:  224.7 MC/s (2.977e-03 s/TS) || Energy: ~4.34e-15 (-12.63dB)
[@     1m56s] Timestep:        41832 || Speed:  246.7 MC/s (2.712e-03 s/TS) || Energy: ~2.49e-15 (-15.04dB)
[@     2m02s] Timestep:        43824 || Speed:  241.9 MC/s (2.767e-03 s/TS) || Energy: ~1.36e-15 (-17.67dB)
[@     2m08s] Timestep:        45816 || Speed:  239.9 MC/s (2.789e-03 s/TS) || Energy: ~7.87e-16 (-20.05dB)
[@     2m13s] Timestep:        47808 || Speed:  232.3 MC/s (2.881e-03 s/TS) || Energy: ~5.00e-16 (-22.02dB)
[@     2m19s] Timestep:        49800 || Speed:  238.4 MC/s (2.807e-03 s/TS) || Energy: ~3.45e-16 (-23.62dB)
[@     2m24s] Timestep:        51792 || Speed:  244.9 MC/s (2.732e-03 s/TS) || Energy: ~2.56e-16 (-24.92dB)
[@     2m30s] Timestep:        53784 || Speed:  230.5 MC/s (2.903e-03 s/TS) || Energy: ~2.02e-16 (-25.96dB)
[@     2m36s] Timestep:        55776 || Speed:  240.2 MC/s (2.786e-03 s/TS) || Energy: ~1.67e-16 (-26.76dB)
[@     2m41s] Timestep:        57768 || Speed:  245.4 MC/s (2.726e-03 s/TS) || Energy: ~1.44e-16 (-27.41dB)
[@     2m47s] Timestep:        59760 || Speed:  241.1 MC/s (2.775e-03 s/TS) || Energy: ~1.27e-16 (-27.98dB)
[@     2m52s] Timestep:        61752 || Speed:  233.3 MC/s (2.868e-03 s/TS) || Energy: ~1.12e-16 (-28.53dB)
[@     2m58s] Timestep:        63744 || Speed:  246.8 MC/s (2.711e-03 s/TS) || Energy: ~9.78e-17 (-29.10dB)
[@     3m03s] Timestep:        65736 || Speed:  244.6 MC/s (2.735e-03 s/TS) || Energy: ~8.48e-17 (-29.72dB)
[@     3m09s] Timestep:        67728 || Speed:  237.7 MC/s (2.816e-03 s/TS) || Energy: ~7.27e-17 (-30.39dB)
[@     3m14s] Timestep:        69720 || Speed:  242.4 MC/s (2.760e-03 s/TS) || Energy: ~6.18e-17 (-31.09dB)
[@     3m20s] Timestep:        71712 || Speed:  240.6 MC/s (2.781e-03 s/TS) || Energy: ~5.21e-17 (-31.84dB)
[@     3m25s] Timestep:        73704 || Speed:  236.7 MC/s (2.826e-03 s/TS) || Energy: ~4.36e-17 (-32.61dB)
[@     3m31s] Timestep:        75696 || Speed:  236.9 MC/s (2.825e-03 s/TS) || Energy: ~3.64e-17 (-33.39dB)
[@     3m37s] Timestep:        77688 || Speed:  242.8 MC/s (2.756e-03 s/TS) || Energy: ~3.04e-17 (-34.18dB)
[@     3m42s] Timestep:        79680 || Speed:  233.6 MC/s (2.864e-03 s/TS) || Energy: ~2.53e-17 (-34.97dB)
[@     3m48s] Timestep:        81672 || Speed:  233.3 MC/s (2.868e-03 s/TS) || Energy: ~2.11e-17 (-35.76dB)
[@     3m54s] Timestep:        83664 || Speed:  238.3 MC/s (2.808e-03 s/TS) || Energy: ~1.76e-17 (-36.54dB)
[@     3m59s] Timestep:        85656 || Speed:  230.9 MC/s (2.898e-03 s/TS) || Energy: ~1.47e-17 (-37.32dB)
[@     4m05s] Timestep:        87648 || Speed:  243.5 MC/s (2.748e-03 s/TS) || Energy: ~1.23e-17 (-38.10dB)
[@     4m10s] Timestep:        89640 || Speed:  245.9 MC/s (2.721e-03 s/TS) || Energy: ~1.03e-17 (-38.87dB)
[@     4m16s] Timestep:        91632 || Speed:  241.4 MC/s (2.772e-03 s/TS) || Energy: ~8.61e-18 (-39.65dB)
[@     4m21s] Timestep:        93624 || Speed:  243.4 MC/s (2.749e-03 s/TS) || Energy: ~7.19e-18 (-40.43dB)
Time for 93624 iterations with 669123.00 cells : 261.71 sec
Speed: 239.38 MCells/s 
