rfx        : <checkout>/rfx/__init__.py
git SHA    : 4819acb63954ab9faa583ab1cec43c1110c02b22
jax        : 0.4.33.dev20241023+e3c6d6430   devices: [CudaDevice(id=0)]
precision  : jax_enable_x64=False  JAX_ENABLE_X64=0  solve complex dtype (method rule)=complex64  (369367252283 record: default float32 GPU run, no x64 pin)
fixture    : attempt3 (#589 fix: attempt 2 with the 0.4 mm ground clearance hole REALIZED as 20 half-cell PEC boxes; pec_mask differs from attempt2 in 38 cells at the junction node only; kwargs = _attempt2_kwargs), n_steps=135000 (record target: 135000)
freqs      : 3 bins (6-10 GHz); committed bins at indices [0, 1, 2] = [6.0, 8.0, 10.0] GHz
skip_preflight: compute_coax_msl_transition accepts skip_preflight (rfx/api/_sparams.py:6331, 'skip_preflight: bool = False,') but never references it in the method body; the method has NO preflight path. --preflight therefore runs sim.preflight() and sim.fidelity_report() from this driver, before the solve. Production unchanged.

=== preflight (driver-side; the method's own flag is inert) ===
  [PREFLIGHT] 'pec' y-extent 100µm = 1.0 cells — below 1 cell resolution. A conductor thinner than a cell is modelled as a one-cell PEC surface — tangential E is zeroed on it and the normal component survives as surface charge. That is usually what you want for metal many skin depths thick, and switching to add_thin_conductor() would not change it; but it means the sheet carries no conductor loss and its thickness is not modelled. For band-centre conductor loss use add_thin_conductor(..., surface_impedance_f0=...) (Leontovich surface resistance, issue #669).
  [PREFLIGHT] 'pec' y-extent 100µm = 1.0 cells — below 1 cell resolution. A conductor thinner than a cell is modelled as a one-cell PEC surface — tangential E is zeroed on it and the normal component survives as surface charge. That is usually what you want for metal many skin depths thick, and switching to add_thin_conductor() would not change it; but it means the sheet carries no conductor loss and its thickness is not modelled. For band-centre conductor loss use add_thin_conductor(..., surface_impedance_f0=...) (Leontovich surface resistance, issue #669).
  [PREFLIGHT] 'pec' y-extent 100µm = 1.0 cells — below 1 cell resolution. A conductor thinner than a cell is modelled as a one-cell PEC surface — tangential E is zeroed on it and the normal component survives as surface charge. That is usually what you want for metal many skin depths thick, and switching to add_thin_conductor() would not change it; but it means the sheet carries no conductor loss and its thickness is not modelled. For band-centre conductor loss use add_thin_conductor(..., surface_impedance_f0=...) (Leontovich surface resistance, issue #669).
  [PREFLIGHT] 'pec' y-extent 100µm = 1.0 cells — below 1 cell resolution. A conductor thinner than a cell is modelled as a one-cell PEC surface — tangential E is zeroed on it and the normal component survives as surface charge. That is usually what you want for metal many skin depths thick, and switching to add_thin_conductor() would not change it; but it means the sheet carries no conductor loss and its thickness is not modelled. For band-centre conductor loss use add_thin_conductor(..., surface_impedance_f0=...) (Leontovich surface resistance, issue #669).
  [PREFLIGHT] 'pec' z-extent 100µm = 1.0 cells — below 1 cell resolution. A conductor thinner than a cell is modelled as a one-cell PEC surface — tangential E is zeroed on it and the normal component survives as surface charge. That is usually what you want for metal many skin depths thick, and switching to add_thin_conductor() would not change it; but it means the sheet carries no conductor loss and its thickness is not modelled. For band-centre conductor loss use add_thin_conductor(..., surface_impedance_f0=...) (Leontovich surface resistance, issue #669).
  [PREFLIGHT] PEC 'pec' x-extent 400µm = 4.0 cells — volume under-resolved (PEC volume needs ≥5 cells; thin sheets <3 cells are fine).
  [PREFLIGHT] PEC 'pec' y-extent 400µm = 4.0 cells — volume under-resolved (PEC volume needs ≥5 cells; thin sheets <3 cells are fine).
  [PREFLIGHT] Gap between PEC structures: 100µm = 1.0 cells along y — coupling may be under-resolved.
  [PREFLIGHT] Gap between PEC structures: 100µm = 1.0 cells along x — coupling may be under-resolved.
  [PREFLIGHT] Gap between PEC structures: 100µm = 1.0 cells along y — coupling may be under-resolved.
  [PREFLIGHT] Gap between PEC structures: 100µm = 1.0 cells along y — coupling may be under-resolved.
  [PREFLIGHT] Gap between PEC structures: 100µm = 1.0 cells along y — coupling may be under-resolved.
  [PREFLIGHT] Gap between PEC structures: 100µm = 1.0 cells along y — coupling may be under-resolved.
  [PREFLIGHT] Gap between PEC structures: 100µm = 1.0 cells along y — coupling may be under-resolved.
  [PREFLIGHT] Gap between PEC structures: 100µm = 1.0 cells along y — coupling may be under-resolved.
  [PREFLIGHT] Gap between PEC structures: 200µm = 2.0 cells along y — coupling may be under-resolved.
  [PREFLIGHT] Gap between PEC structures: 200µm = 2.0 cells along y — coupling may be under-resolved.
  [PREFLIGHT] Gap between PEC structures: 200µm = 2.0 cells along y — coupling may be under-resolved.
  [PREFLIGHT] Gap between PEC structures: 100µm = 1.0 cells along y — coupling may be under-resolved.
  [PREFLIGHT] Gap between PEC structures: 100µm = 1.0 cells along y — coupling may be under-resolved.
  [PREFLIGHT] Gap between PEC structures: 200µm = 2.0 cells along y — coupling may be under-resolved.
  [PREFLIGHT] Gap between PEC structures: 100µm = 1.0 cells along y — coupling may be under-resolved.
  [PREFLIGHT] Gap between PEC structures: 100µm = 1.0 cells along y — coupling may be under-resolved.
  [PREFLIGHT] Gap between PEC structures: 200µm = 2.0 cells along y — coupling may be under-resolved.
  [PREFLIGHT] Gap between PEC structures: 200µm = 2.0 cells along y — coupling may be under-resolved.
  [PREFLIGHT] Gap between PEC structures: 100µm = 1.0 cells along y — coupling may be under-resolved.
  [PREFLIGHT] Gap between PEC structures: 100µm = 1.0 cells along y — coupling may be under-resolved.
  [PREFLIGHT] Gap between PEC structures: 100µm = 1.0 cells along y — coupling may be under-resolved.
  [PREFLIGHT] Gap between PEC structures: 100µm = 1.0 cells along y — coupling may be under-resolved.
  [PREFLIGHT] Gap between PEC structures: 100µm = 1.0 cells along y — coupling may be under-resolved.
  [PREFLIGHT] Gap between PEC structures: 100µm = 1.0 cells along y — coupling may be under-resolved.
  [PREFLIGHT] Gap between PEC structures: 250µm = 2.5 cells along x — coupling may be under-resolved.
  [PREFLIGHT] Gap between PEC structures: 300µm = 3.0 cells along z — coupling may be under-resolved.
  [PREFLIGHT] Gap between PEC structures: 300µm = 3.0 cells along z — coupling may be under-resolved.
  [PREFLIGHT] Gap between PEC structures: 50µm = 0.5 cells along x — coupling may be under-resolved.
  [PREFLIGHT] Gap between PEC structures: 50µm = 0.5 cells along y — coupling may be under-resolved.
  [PREFLIGHT] Gap between PEC structures: 100µm = 1.0 cells along x — coupling may be under-resolved.
  [PREFLIGHT] Gap between PEC structures: 50µm = 0.5 cells along x — coupling may be under-resolved.
  [PREFLIGHT] Gap between PEC structures: 50µm = 0.5 cells along y — coupling may be under-resolved.
  [PREFLIGHT] Gap between PEC structures: 300µm = 3.0 cells along z — coupling may be under-resolved.
  [PREFLIGHT] Gap between PEC structures: 150µm = 1.5 cells along y — coupling may be under-resolved.
  [PREFLIGHT] Gap between PEC structures: 50µm = 0.5 cells along y — coupling may be under-resolved.
  [PREFLIGHT] Gap between PEC structures: 300µm = 3.0 cells along z — coupling may be under-resolved.
  [PREFLIGHT] Gap between PEC structures: 150µm = 1.5 cells along y — coupling may be under-resolved.
  [PREFLIGHT] all dielectric(s) ['ptfe', 'sub'] are perfectly lossless in an open (CPML) domain. If you are measuring Q / resonance, this gives an ARTIFICIALLY infinite Q (design-guide Anti-Pattern #1, an R5 surface-metric trap) — add loss, e.g. sigma = 2*pi*f*eps0*eps_r*tan_delta. (Harmless if you are not measuring Q.)
  [PREFLIGHT] 1 sheet-bounded cavit(y/ies) differ from the physical stack by more than 1% in electrical thickness: [z] geometry[1](node k=33)/geometry[22](k=37) at in-plane column (78,25): sum(d/eps) mesh 182µm vs physical 81.97µm (+122.0%); sum(d*sqrt(eps)) mesh 673.9µm vs physical 573.9µm (+17.4%); node-to-node 400µm vs face-to-face 300µm; the capacitance measure (sum d/eps) governs (gap << lambda at freq_max). OBSERVED: mesh sums run node-to-node across the run's own cells and assembled eps_r; physical sums run face-to-face through the geometry Box spans at the pair's shared column — the difference is the zero-thickness sheet model's honest cost (each sheet's thickness collapses onto its node) plus any off-lattice registration. TWO MECHANISMS, and any pair naming an OWN cell above has the second one: a sheet registered at its MID-PLANE collapses onto one node and the gap reads mid-plane to mid-plane (a modelling trade — which face the plane sits on — not a fixable defect), while a sheet whose two FACES are registered fills one cell, and rfx zeroes only tangential E on a one-cell PEC sheet, so that cell's normal-E edge is live and its permittivity sits inside the cavity. Face registration therefore does not shorten the electrical cavity; it trades a collapsed sheet for a live gap, which reads WORSE when that cell is vacuum. WHY BOTH MEASURES: the same defect class measured 17.3% as a series capacitance and 3.2% as phase length (#703) — a bare percentage invites 'correcting' a right number into a wrong one, so both are printed and the governing one is named. REMEDY: none required for the sheet model itself (this is a quantified limit, not a defect); if the governing measure's delta matters for a claims-bearing number, resolve the sheet thickness with cells or correct the extracted quantity by the printed delta. For an OWN-cell term the eps_r printed for that cell IS addressable: it is whatever the geometry puts on the live edge (issue #702), so a stack whose dielectric abuts the sheet's faces leaves vacuum there — extend the abutting dielectric across the sheet's cell, or register the sheet's mid-plane instead of its faces, and that term goes. COVERAGE: examined 1 adjacent sheet pair(s) from 5 node-thin conductor sheet(s) on the uniform lane; physical stack computed from Box entries only — 1 non-Box dielectric entr(y/ies) ignored (said so, per #703); 0 pair(s) skipped (conductor between). STALE IF: re-summing the printed column disagrees with these numbers, or sheets stop being registered node-thin.
  [PREFLIGHT] 13 conductor-Box design edge(s) sit off-lattice by more than 0.5% of their extent (worst 5 listed): geometry[6] 'pec' x: extent 200µm, worst face residual 50µm (25.00% of the extent, df/f ~ 25.00%); geometry[16] 'pec' x: extent 200µm, worst face residual 50µm (25.00% of the extent, df/f ~ 25.00%); geometry[7] 'pec' x: extent 200µm, worst face residual 50µm (25.00% of the extent, df/f ~ 25.00%); geometry[17] 'pec' x: extent 200µm, worst face residual 50µm (25.00% of the extent, df/f ~ 25.00%); geometry[4] 'pec' x: extent 400µm, worst face residual 50µm (12.50% of the extent, df/f ~ 12.50%). OBSERVED: distance from each Box face to its nearest E-node on this run's own node coordinates; the rasterized edge quantizes onto a node, so the realized extent can differ from the design by up to the printed residual, and a resonant dimension realized dL off detunes df/f ~ dL/L. COST (measured, #703): a uniform-mesh sweep rounded ONE substrate thickness by 8-10% across three 'convergence' points — three different boards solved under one name; the same campaign's board survived at dx=50µm only because every patterned dimension happened to be an exact multiple of 50µm. REMEDY: choose dx commensurate with the patterned dimensions, slide the lattice origin onto the worst face, or (non-uniform lane) place mesh nodes on the design edges. COVERAGE: examined 18 axis extent(s) on 21 conductor Box entr(y/ies) on the uniform lane; 45 sub-cell axis extent(s) excluded (the node-thin snap is the live-edge/cavity checks' domain); 1 non-Box conductor entr(y/ies) skipped (no analytic face coordinates). STALE IF: |face - nearest node| on the run's node coordinates does not reproduce the printed residuals, or box faces stop rasterizing on the E-node lattice.
  [PREFLIGHT] MSL port 'msl_0' (trace W=600µm, h_sub=300µm): lateral clearance to +y absorbing boundary = 600µm (domain edge + 800µm calibrated CPML buffer) < recommended 600µm (= 2·h_sub). Fringing field will be clipped → Z0 may be biased HIGH by ~0%, mesh-conv may diverge. Increase domain y-extent OR move port further from sidewall.
  [PREFLIGHT] MSL port 'msl_0': only 3 substrate cell(s) in z (h_sub=300µm, dx=100µm). Yee staircase at dielectric interface is O(dx) — Z0 staircase error >5% expected. Refine to dx ≤ 75.0µm (4+ substrate cells) AND keep h_sub/dx an integer (aligned) for <5% Z0 bias — measured post-#511/#507 at -3.8%/-1.2%/+0.7% for h_sub/4, h_sub/5, h_sub/6 vs the DECLARED-board Hammerstad-Jensen anchor (scripts/diagnostics/msl_z0_bias_floor_sweep.py).
preflight: PASS (49 issue(s))
- WARNING [mesh_resolution] 'pec' y-extent 100µm = 1.0 cells — below 1 cell resolution. A conductor thinner than a cell is modelled as a one-cell PEC surface — tangential E is zeroed on it and the normal component survives as surface charge. That is usually what you want for metal many skin depths thick, and switching to add_thin_conductor() would not change it; but it means the sheet carries no conductor loss and its thickness is not modelled. For band-centre conductor loss use add_thin_conductor(..., surface_impedance_f0=...) (Leontovich surface resistance, issue #669).
- WARNING [mesh_resolution] 'pec' y-extent 100µm = 1.0 cells — below 1 cell resolution. A conductor thinner than a cell is modelled as a one-cell PEC surface — tangential E is zeroed on it and the normal component survives as surface charge. That is usually what you want for metal many skin depths thick, and switching to add_thin_conductor() would not change it; but it means the sheet carries no conductor loss and its thickness is not modelled. For band-centre conductor loss use add_thin_conductor(..., surface_impedance_f0=...) (Leontovich surface resistance, issue #669).
- WARNING [mesh_resolution] 'pec' y-extent 100µm = 1.0 cells — below 1 cell resolution. A conductor thinner than a cell is modelled as a one-cell PEC surface — tangential E is zeroed on it and the normal component survives as surface charge. That is usually what you want for metal many skin depths thick, and switching to add_thin_conductor() would not change it; but it means the sheet carries no conductor loss and its thickness is not modelled. For band-centre conductor loss use add_thin_conductor(..., surface_impedance_f0=...) (Leontovich surface resistance, issue #669).
- WARNING [mesh_resolution] 'pec' y-extent 100µm = 1.0 cells — below 1 cell resolution. A conductor thinner than a cell is modelled as a one-cell PEC surface — tangential E is zeroed on it and the normal component survives as surface charge. That is usually what you want for metal many skin depths thick, and switching to add_thin_conductor() would not change it; but it means the sheet carries no conductor loss and its thickness is not modelled. For band-centre conductor loss use add_thin_conductor(..., surface_impedance_f0=...) (Leontovich surface resistance, issue #669).
- WARNING [mesh_resolution] 'pec' z-extent 100µm = 1.0 cells — below 1 cell resolution. A conductor thinner than a cell is modelled as a one-cell PEC surface — tangential E is zeroed on it and the normal component survives as surface charge. That is usually what you want for metal many skin depths thick, and switching to add_thin_conductor() would not change it; but it means the sheet carries no conductor loss and its thickness is not modelled. For band-centre conductor loss use add_thin_conductor(..., surface_impedance_f0=...) (Leontovich surface resistance, issue #669).
- WARNING [mesh_resolution] PEC 'pec' x-extent 400µm = 4.0 cells — volume under-resolved (PEC volume needs ≥5 cells; thin sheets <3 cells are fine).
- WARNING [mesh_resolution] PEC 'pec' y-extent 400µm = 4.0 cells — volume under-resolved (PEC volume needs ≥5 cells; thin sheets <3 cells are fine).
- WARNING [mesh_resolution] Gap between PEC structures: 100µm = 1.0 cells along y — coupling may be under-resolved.
- WARNING [mesh_resolution] Gap between PEC structures: 100µm = 1.0 cells along x — coupling may be under-resolved.
- WARNING [mesh_resolution] Gap between PEC structures: 100µm = 1.0 cells along y — coupling may be under-resolved.
- WARNING [mesh_resolution] Gap between PEC structures: 100µm = 1.0 cells along y — coupling may be under-resolved.
- WARNING [mesh_resolution] Gap between PEC structures: 100µm = 1.0 cells along y — coupling may be under-resolved.
- WARNING [mesh_resolution] Gap between PEC structures: 100µm = 1.0 cells along y — coupling may be under-resolved.
- WARNING [mesh_resolution] Gap between PEC structures: 100µm = 1.0 cells along y — coupling may be under-resolved.
- WARNING [mesh_resolution] Gap between PEC structures: 100µm = 1.0 cells along y — coupling may be under-resolved.
- WARNING [mesh_resolution] Gap between PEC structures: 200µm = 2.0 cells along y — coupling may be under-resolved.
- WARNING [mesh_resolution] Gap between PEC structures: 200µm = 2.0 cells along y — coupling may be under-resolved.
- WARNING [mesh_resolution] Gap between PEC structures: 200µm = 2.0 cells along y — coupling may be under-resolved.
- WARNING [mesh_resolution] Gap between PEC structures: 100µm = 1.0 cells along y — coupling may be under-resolved.
- WARNING [mesh_resolution] Gap between PEC structures: 100µm = 1.0 cells along y — coupling may be under-resolved.
- WARNING [mesh_resolution] Gap between PEC structures: 200µm = 2.0 cells along y — coupling may be under-resolved.
- WARNING [mesh_resolution] Gap between PEC structures: 100µm = 1.0 cells along y — coupling may be under-resolved.
- WARNING [mesh_resolution] Gap between PEC structures: 100µm = 1.0 cells along y — coupling may be under-resolved.
- WARNING [mesh_resolution] Gap between PEC structures: 200µm = 2.0 cells along y — coupling may be under-resolved.
- WARNING [mesh_resolution] Gap between PEC structures: 200µm = 2.0 cells along y — coupling may be under-resolved.
- WARNING [mesh_resolution] Gap between PEC structures: 100µm = 1.0 cells along y — coupling may be under-resolved.
- WARNING [mesh_resolution] Gap between PEC structures: 100µm = 1.0 cells along y — coupling may be under-resolved.
- WARNING [mesh_resolution] Gap between PEC structures: 100µm = 1.0 cells along y — coupling may be under-resolved.
- WARNING [mesh_resolution] Gap between PEC structures: 100µm = 1.0 cells along y — coupling may be under-resolved.
- WARNING [mesh_resolution] Gap between PEC structures: 100µm = 1.0 cells along y — coupling may be under-resolved.
- WARNING [mesh_resolution] Gap between PEC structures: 100µm = 1.0 cells along y — coupling may be under-resolved.
- WARNING [mesh_resolution] Gap between PEC structures: 250µm = 2.5 cells along x — coupling may be under-resolved.
- WARNING [mesh_resolution] Gap between PEC structures: 300µm = 3.0 cells along z — coupling may be under-resolved.
- WARNING [mesh_resolution] Gap between PEC structures: 300µm = 3.0 cells along z — coupling may be under-resolved.
- WARNING [mesh_resolution] Gap between PEC structures: 50µm = 0.5 cells along x — coupling may be under-resolved.
- WARNING [mesh_resolution] Gap between PEC structures: 50µm = 0.5 cells along y — coupling may be under-resolved.
- WARNING [mesh_resolution] Gap between PEC structures: 100µm = 1.0 cells along x — coupling may be under-resolved.
- WARNING [mesh_resolution] Gap between PEC structures: 50µm = 0.5 cells along x — coupling may be under-resolved.
- WARNING [mesh_resolution] Gap between PEC structures: 50µm = 0.5 cells along y — coupling may be under-resolved.
- WARNING [mesh_resolution] Gap between PEC structures: 300µm = 3.0 cells along z — coupling may be under-resolved.
- WARNING [mesh_resolution] Gap between PEC structures: 150µm = 1.5 cells along y — coupling may be under-resolved.
- WARNING [mesh_resolution] Gap between PEC structures: 50µm = 0.5 cells along y — coupling may be under-resolved.
- WARNING [mesh_resolution] Gap between PEC structures: 300µm = 3.0 cells along z — coupling may be under-resolved.
- WARNING [mesh_resolution] Gap between PEC structures: 150µm = 1.5 cells along y — coupling may be under-resolved.
- WARNING [lossless_q] all dielectric(s) ['ptfe', 'sub'] are perfectly lossless in an open (CPML) domain. If you are measuring Q / resonance, this gives an ARTIFICIALLY infinite Q (design-guide Anti-Pattern #1, an R5 surface-metric trap) — add loss, e.g. sigma = 2*pi*f*eps0*eps_r*tan_delta. (Harmless if you are not measuring Q.)
- WARNING [sheet_cavity_electrical_thickness] 1 sheet-bounded cavit(y/ies) differ from the physical stack by more than 1% in electrical thickness: [z] geometry[1](node k=33)/geometry[22](k=37) at in-plane column (78,25): sum(d/eps) mesh 182µm vs physical 81.97µm (+122.0%); sum(d*sqrt(eps)) mesh 673.9µm vs physical 573.9µm (+17.4%); node-to-node 400µm vs face-to-face 300µm; the capacitance measure (sum d/eps) governs (gap << lambda at freq_max). OBSERVED: mesh sums run node-to-node across the run's own cells and assembled eps_r; physical sums run face-to-face through the geometry Box spans at the pair's shared column — the difference is the zero-thickness sheet model's honest cost (each sheet's thickness collapses onto its node) plus any off-lattice registration. TWO MECHANISMS, and any pair naming an OWN cell above has the second one: a sheet registered at its MID-PLANE collapses onto one node and the gap reads mid-plane to mid-plane (a modelling trade — which face the plane sits on — not a fixable defect), while a sheet whose two FACES are registered fills one cell, and rfx zeroes only tangential E on a one-cell PEC sheet, so that cell's normal-E edge is live and its permittivity sits inside the cavity. Face registration therefore does not shorten the electrical cavity; it trades a collapsed sheet for a live gap, which reads WORSE when that cell is vacuum. WHY BOTH MEASURES: the same defect class measured 17.3% as a series capacitance and 3.2% as phase length (#703) — a bare percentage invites 'correcting' a right number into a wrong one, so both are printed and the governing one is named. REMEDY: none required for the sheet model itself (this is a quantified limit, not a defect); if the governing measure's delta matters for a claims-bearing number, resolve the sheet thickness with cells or correct the extracted quantity by the printed delta. For an OWN-cell term the eps_r printed for that cell IS addressable: it is whatever the geometry puts on the live edge (issue #702), so a stack whose dielectric abuts the sheet's faces leaves vacuum there — extend the abutting dielectric across the sheet's cell, or register the sheet's mid-plane instead of its faces, and that term goes. COVERAGE: examined 1 adjacent sheet pair(s) from 5 node-thin conductor sheet(s) on the uniform lane; physical stack computed from Box entries only — 1 non-Box dielectric entr(y/ies) ignored (said so, per #703); 0 pair(s) skipped (conductor between). STALE IF: re-summing the printed column disagrees with these numbers, or sheets stop being registered node-thin.
- WARNING [off_lattice_design_edges] 13 conductor-Box design edge(s) sit off-lattice by more than 0.5% of their extent (worst 5 listed): geometry[6] 'pec' x: extent 200µm, worst face residual 50µm (25.00% of the extent, df/f ~ 25.00%); geometry[16] 'pec' x: extent 200µm, worst face residual 50µm (25.00% of the extent, df/f ~ 25.00%); geometry[7] 'pec' x: extent 200µm, worst face residual 50µm (25.00% of the extent, df/f ~ 25.00%); geometry[17] 'pec' x: extent 200µm, worst face residual 50µm (25.00% of the extent, df/f ~ 25.00%); geometry[4] 'pec' x: extent 400µm, worst face residual 50µm (12.50% of the extent, df/f ~ 12.50%). OBSERVED: distance from each Box face to its nearest E-node on this run's own node coordinates; the rasterized edge quantizes onto a node, so the realized extent can differ from the design by up to the printed residual, and a resonant dimension realized dL off detunes df/f ~ dL/L. COST (measured, #703): a uniform-mesh sweep rounded ONE substrate thickness by 8-10% across three 'convergence' points — three different boards solved under one name; the same campaign's board survived at dx=50µm only because every patterned dimension happened to be an exact multiple of 50µm. REMEDY: choose dx commensurate with the patterned dimensions, slide the lattice origin onto the worst face, or (non-uniform lane) place mesh nodes on the design edges. COVERAGE: examined 18 axis extent(s) on 21 conductor Box entr(y/ies) on the uniform lane; 45 sub-cell axis extent(s) excluded (the node-thin snap is the live-edge/cavity checks' domain); 1 non-Box conductor entr(y/ies) skipped (no analytic face coordinates). STALE IF: |face - nearest node| on the run's node coordinates does not reproduce the printed residuals, or box faces stop rasterizing on the E-node lattice.
- WARNING [msl_port_geometry] MSL port 'msl_0' (trace W=600µm, h_sub=300µm): lateral clearance to +y absorbing boundary = 600µm (domain edge + 800µm calibrated CPML buffer) < recommended 600µm (= 2·h_sub). Fringing field will be clipped → Z0 may be biased HIGH by ~0%, mesh-conv may diverge. Increase domain y-extent OR move port further from sidewall.
- WARNING [msl_port_geometry] MSL port 'msl_0': only 3 substrate cell(s) in z (h_sub=300µm, dx=100µm). Yee staircase at dielectric interface is O(dx) — Z0 staircase error >5% expected. Refine to dx ≤ 75.0µm (4+ substrate cells) AND keep h_sub/dx an integer (aligned) for <5% Z0 bias — measured post-#511/#507 at -3.8%/-1.2%/+0.7% for h_sub/4, h_sub/5, h_sub/6 vs the DECLARED-board Hammerstad-Jensen anchor (scripts/diagnostics/msl_z0_bias_floor_sweep.py).

=== fidelity_report (declared vs realized, pre-solve) ===
=== INPUT-FIDELITY REPORT (declared vs solved; input units only) ===
  26 entities, 102 findings

  domain (the solved box)
    x: declared [0.0, 12500.0] um -> realized [0.0, 12500.0] um | face residuals (0.0, 0.0) um | extent 12500.0 -> 12500.0 um
    y: declared [0.0, 3400.0] um -> realized [0.0, 3400.0] um | face residuals (0.0, 0.0) um | extent 3400.0 -> 3400.0 um
    z: declared [0.0, 3900.0] um -> realized [0.0, 3900.0] um | face residuals (0.0, 0.0) um | extent 3900.0 -> 3900.0 um

  geometry[0] 'pec' — one-plane sheet (normal z): electric wall on the LOWER node plane ONLY
    cells: 210
    x: declared [0.0, 550.0] um -> realized [0.0, 600.0] um | face residuals (0.0, 50.0) um | extent 550.0 -> 600.0 um
    y: declared [0.0, 3400.0] um -> realized [0.0, 3500.0] um | face residuals (0.0, 100.0) um | extent 3400.0 -> 3500.0 um
    z: declared [2450.0, 2550.0] um -> realized [2500.0, 2600.0] um | face residuals (50.0, 50.0) um | extent 100.0 -> 100.0 um
    ! [inside-absorber] y: the realized body extends beyond the declared domain on y — those cells sit in the CPML pad, where the update equations are the absorber's
      remedy: keep the body inside the domain, or enlarge the domain so the absorber stays empty
    ! [off-lattice-face] x: PLACEMENT off by 50.0 um (9.09% of the declared 550.0 um extent); SIZE 600.0 um (+50.0 um, +9.09%)
      remedy: place a mesh node on this face (non-uniform profile) or choose the cell size / origin commensurate with it
    ! [off-lattice-face] y: PLACEMENT off by 100.0 um (2.94% of the declared 3400.0 um extent); SIZE 3500.0 um (+100.0 um, +2.94%)
      remedy: place a mesh node on this face (non-uniform profile) or choose the cell size / origin commensurate with it
    ! [off-lattice-face] z: PLACEMENT off by 50.0 um (50.00% of the declared 100.0 um extent); SIZE preserved
      remedy: place a mesh node on this face (non-uniform profile) or choose the cell size / origin commensurate with it
    ! [sheet-own-cell-live] z: the declared metal's cell volume stays live with eps_r 1.00 inside adjacent cavities — VACUUM substituted for declared metal
      remedy: two_plane=True on this entry (walls on both faces), or extend the abutting dielectric across this cell, or resolve the thickness with >= 2 cells

  geometry[1] 'pec' — one-plane sheet (normal z): electric wall on the LOWER node plane ONLY
    cells: 3885
    x: declared [1450.0, 12500.0] um -> realized [1500.0, 12600.0] um | face residuals (50.0, 100.0) um | extent 11050.0 -> 11100.0 um
    y: declared [0.0, 3400.0] um -> realized [0.0, 3500.0] um | face residuals (0.0, 100.0) um | extent 3400.0 -> 3500.0 um
    z: declared [2450.0, 2550.0] um -> realized [2500.0, 2600.0] um | face residuals (50.0, 50.0) um | extent 100.0 -> 100.0 um
    ! [inside-absorber] x,y: the realized body extends beyond the declared domain on x,y — those cells sit in the CPML pad, where the update equations are the absorber's
      remedy: keep the body inside the domain, or enlarge the domain so the absorber stays empty
    ! [off-lattice-face] x: PLACEMENT off by 100.0 um (0.90% of the declared 11050.0 um extent); SIZE 11100.0 um (+50.0 um, +0.45%)
      remedy: place a mesh node on this face (non-uniform profile) or choose the cell size / origin commensurate with it
    ! [off-lattice-face] y: PLACEMENT off by 100.0 um (2.94% of the declared 3400.0 um extent); SIZE 3500.0 um (+100.0 um, +2.94%)
      remedy: place a mesh node on this face (non-uniform profile) or choose the cell size / origin commensurate with it
    ! [off-lattice-face] z: PLACEMENT off by 50.0 um (50.00% of the declared 100.0 um extent); SIZE preserved
      remedy: place a mesh node on this face (non-uniform profile) or choose the cell size / origin commensurate with it
    ! [sheet-own-cell-live] z: the declared metal's cell volume stays live with eps_r 1.00 inside adjacent cavities — VACUUM substituted for declared metal
      remedy: two_plane=True on this entry (walls on both faces), or extend the abutting dielectric across this cell, or resolve the thickness with >= 2 cells

  geometry[2] 'pec' — one-plane sheet (normal z): electric wall on the LOWER node plane ONLY
    cells: 117
    x: declared [550.0, 1450.0] um -> realized [600.0, 1500.0] um | face residuals (50.0, 50.0) um | extent 900.0 -> 900.0 um
    y: declared [0.0, 1250.0] um -> realized [0.0, 1300.0] um | face residuals (0.0, 50.0) um | extent 1250.0 -> 1300.0 um
    z: declared [2450.0, 2550.0] um -> realized [2500.0, 2600.0] um | face residuals (50.0, 50.0) um | extent 100.0 -> 100.0 um
    ! [off-lattice-face] x: PLACEMENT off by 50.0 um (5.56% of the declared 900.0 um extent); SIZE preserved
      remedy: place a mesh node on this face (non-uniform profile) or choose the cell size / origin commensurate with it
    ! [off-lattice-face] y: PLACEMENT off by 50.0 um (4.00% of the declared 1250.0 um extent); SIZE 1300.0 um (+50.0 um, +4.00%)
      remedy: place a mesh node on this face (non-uniform profile) or choose the cell size / origin commensurate with it
    ! [off-lattice-face] z: PLACEMENT off by 50.0 um (50.00% of the declared 100.0 um extent); SIZE preserved
      remedy: place a mesh node on this face (non-uniform profile) or choose the cell size / origin commensurate with it
    ! [sheet-own-cell-live] z: the declared metal's cell volume stays live with eps_r 1.00 inside adjacent cavities — VACUUM substituted for declared metal
      remedy: two_plane=True on this entry (walls on both faces), or extend the abutting dielectric across this cell, or resolve the thickness with >= 2 cells

  geometry[3] 'pec' — one-plane sheet (normal z): electric wall on the LOWER node plane ONLY
    cells: 117
    x: declared [550.0, 1450.0] um -> realized [600.0, 1500.0] um | face residuals (50.0, 50.0) um | extent 900.0 -> 900.0 um
    y: declared [2150.0, 3400.0] um -> realized [2200.0, 3500.0] um | face residuals (50.0, 100.0) um | extent 1250.0 -> 1300.0 um
    z: declared [2450.0, 2550.0] um -> realized [2500.0, 2600.0] um | face residuals (50.0, 50.0) um | extent 100.0 -> 100.0 um
    ! [inside-absorber] y: the realized body extends beyond the declared domain on y — those cells sit in the CPML pad, where the update equations are the absorber's
      remedy: keep the body inside the domain, or enlarge the domain so the absorber stays empty
    ! [off-lattice-face] x: PLACEMENT off by 50.0 um (5.56% of the declared 900.0 um extent); SIZE preserved
      remedy: place a mesh node on this face (non-uniform profile) or choose the cell size / origin commensurate with it
    ! [off-lattice-face] y: PLACEMENT off by 100.0 um (8.00% of the declared 1250.0 um extent); SIZE 1300.0 um (+50.0 um, +4.00%)
      remedy: place a mesh node on this face (non-uniform profile) or choose the cell size / origin commensurate with it
    ! [off-lattice-face] z: PLACEMENT off by 50.0 um (50.00% of the declared 100.0 um extent); SIZE preserved
      remedy: place a mesh node on this face (non-uniform profile) or choose the cell size / origin commensurate with it
    ! [sheet-own-cell-live] z: the declared metal's cell volume stays live with eps_r 1.00 inside adjacent cavities — VACUUM substituted for declared metal
      remedy: two_plane=True on this entry (walls on both faces), or extend the abutting dielectric across this cell, or resolve the thickness with >= 2 cells

  geometry[4] 'pec' — one-plane sheet (normal y+z): electric wall on the LOWER node plane ONLY
    cells: 4
    x: declared [550.0, 950.0] um -> realized [600.0, 1000.0] um | face residuals (50.0, 50.0) um | extent 400.0 -> 400.0 um
    y: declared [1250.0, 1350.0] um -> realized [1300.0, 1400.0] um | face residuals (50.0, 50.0) um | extent 100.0 -> 100.0 um
    z: declared [2450.0, 2550.0] um -> realized [2500.0, 2600.0] um | face residuals (50.0, 50.0) um | extent 100.0 -> 100.0 um
    ! [off-lattice-face] x: PLACEMENT off by 50.0 um (12.50% of the declared 400.0 um extent); SIZE preserved
      remedy: place a mesh node on this face (non-uniform profile) or choose the cell size / origin commensurate with it
    ! [off-lattice-face] y: PLACEMENT off by 50.0 um (50.00% of the declared 100.0 um extent); SIZE preserved
      remedy: place a mesh node on this face (non-uniform profile) or choose the cell size / origin commensurate with it
    ! [off-lattice-face] z: PLACEMENT off by 50.0 um (50.00% of the declared 100.0 um extent); SIZE preserved
      remedy: place a mesh node on this face (non-uniform profile) or choose the cell size / origin commensurate with it
    ! [sheet-own-cell-live] y+z: the declared metal's cell volume stays live with eps_r 1.00 inside adjacent cavities — VACUUM substituted for declared metal
      remedy: two_plane=True on this entry (walls on both faces), or extend the abutting dielectric across this cell, or resolve the thickness with >= 2 cells

  geometry[5] 'pec' — one-plane sheet (normal y+z): electric wall on the LOWER node plane ONLY
    cells: 4
    x: declared [1050.0, 1450.0] um -> realized [1100.0, 1500.0] um | face residuals (50.0, 50.0) um | extent 400.0 -> 400.0 um
    y: declared [1250.0, 1350.0] um -> realized [1300.0, 1400.0] um | face residuals (50.0, 50.0) um | extent 100.0 -> 100.0 um
    z: declared [2450.0, 2550.0] um -> realized [2500.0, 2600.0] um | face residuals (50.0, 50.0) um | extent 100.0 -> 100.0 um
    ! [off-lattice-face] x: PLACEMENT off by 50.0 um (12.50% of the declared 400.0 um extent); SIZE preserved
      remedy: place a mesh node on this face (non-uniform profile) or choose the cell size / origin commensurate with it
    ! [off-lattice-face] y: PLACEMENT off by 50.0 um (50.00% of the declared 100.0 um extent); SIZE preserved
      remedy: place a mesh node on this face (non-uniform profile) or choose the cell size / origin commensurate with it
    ! [off-lattice-face] z: PLACEMENT off by 50.0 um (50.00% of the declared 100.0 um extent); SIZE preserved
      remedy: place a mesh node on this face (non-uniform profile) or choose the cell size / origin commensurate with it
    ! [sheet-own-cell-live] y+z: the declared metal's cell volume stays live with eps_r 1.00 inside adjacent cavities — VACUUM substituted for declared metal
      remedy: two_plane=True on this entry (walls on both faces), or extend the abutting dielectric across this cell, or resolve the thickness with >= 2 cells

  geometry[6] 'pec' — one-plane sheet (normal y+z): electric wall on the LOWER node plane ONLY
    cells: 2
    x: declared [550.0, 750.0] um -> realized [600.0, 800.0] um | face residuals (50.0, 50.0) um | extent 200.0 -> 200.0 um
    y: declared [1350.0, 1450.0] um -> realized [1400.0, 1500.0] um | face residuals (50.0, 50.0) um | extent 100.0 -> 100.0 um
    z: declared [2450.0, 2550.0] um -> realized [2500.0, 2600.0] um | face residuals (50.0, 50.0) um | extent 100.0 -> 100.0 um
    ! [off-lattice-face] x: PLACEMENT off by 50.0 um (25.00% of the declared 200.0 um extent); SIZE preserved
      remedy: place a mesh node on this face (non-uniform profile) or choose the cell size / origin commensurate with it
    ! [off-lattice-face] y: PLACEMENT off by 50.0 um (50.00% of the declared 100.0 um extent); SIZE preserved
      remedy: place a mesh node on this face (non-uniform profile) or choose the cell size / origin commensurate with it
    ! [off-lattice-face] z: PLACEMENT off by 50.0 um (50.00% of the declared 100.0 um extent); SIZE preserved
      remedy: place a mesh node on this face (non-uniform profile) or choose the cell size / origin commensurate with it
    ! [sheet-own-cell-live] y+z: the declared metal's cell volume stays live with eps_r 1.00 inside adjacent cavities — VACUUM substituted for declared metal
      remedy: two_plane=True on this entry (walls on both faces), or extend the abutting dielectric across this cell, or resolve the thickness with >= 2 cells

  geometry[7] 'pec' — one-plane sheet (normal y+z): electric wall on the LOWER node plane ONLY
    cells: 2
    x: declared [1250.0, 1450.0] um -> realized [1300.0, 1500.0] um | face residuals (50.0, 50.0) um | extent 200.0 -> 200.0 um
    y: declared [1350.0, 1450.0] um -> realized [1400.0, 1500.0] um | face residuals (50.0, 50.0) um | extent 100.0 -> 100.0 um
    z: declared [2450.0, 2550.0] um -> realized [2500.0, 2600.0] um | face residuals (50.0, 50.0) um | extent 100.0 -> 100.0 um
    ! [off-lattice-face] x: PLACEMENT off by 50.0 um (25.00% of the declared 200.0 um extent); SIZE preserved
      remedy: place a mesh node on this face (non-uniform profile) or choose the cell size / origin commensurate with it
    ! [off-lattice-face] y: PLACEMENT off by 50.0 um (50.00% of the declared 100.0 um extent); SIZE preserved
      remedy: place a mesh node on this face (non-uniform profile) or choose the cell size / origin commensurate with it
    ! [off-lattice-face] z: PLACEMENT off by 50.0 um (50.00% of the declared 100.0 um extent); SIZE preserved
      remedy: place a mesh node on this face (non-uniform profile) or choose the cell size / origin commensurate with it
    ! [sheet-own-cell-live] y+z: the declared metal's cell volume stays live with eps_r 1.00 inside adjacent cavities — VACUUM substituted for declared metal
      remedy: two_plane=True on this entry (walls on both faces), or extend the abutting dielectric across this cell, or resolve the thickness with >= 2 cells

  geometry[8] 'pec' — one-plane sheet (normal x+y+z): electric wall on the LOWER node plane ONLY
    cells: 1
    x: declared [550.0, 650.0] um -> realized [600.0, 700.0] um | face residuals (50.0, 50.0) um | extent 100.0 -> 100.0 um
    y: declared [1450.0, 1550.0] um -> realized [1500.0, 1600.0] um | face residuals (50.0, 50.0) um | extent 100.0 -> 100.0 um
    z: declared [2450.0, 2550.0] um -> realized [2500.0, 2600.0] um | face residuals (50.0, 50.0) um | extent 100.0 -> 100.0 um
    ! [off-lattice-face] x: PLACEMENT off by 50.0 um (50.00% of the declared 100.0 um extent); SIZE preserved
      remedy: place a mesh node on this face (non-uniform profile) or choose the cell size / origin commensurate with it
    ! [off-lattice-face] y: PLACEMENT off by 50.0 um (50.00% of the declared 100.0 um extent); SIZE preserved
      remedy: place a mesh node on this face (non-uniform profile) or choose the cell size / origin commensurate with it
    ! [off-lattice-face] z: PLACEMENT off by 50.0 um (50.00% of the declared 100.0 um extent); SIZE preserved
      remedy: place a mesh node on this face (non-uniform profile) or choose the cell size / origin commensurate with it
    ! [sheet-own-cell-live] x+y+z: the declared metal's cell volume stays live with eps_r 1.00 inside adjacent cavities — VACUUM substituted for declared metal
      remedy: two_plane=True on this entry (walls on both faces), or extend the abutting dielectric across this cell, or resolve the thickness with >= 2 cells

  geometry[9] 'pec' — one-plane sheet (normal x+y+z): electric wall on the LOWER node plane ONLY
    cells: 1
    x: declared [1350.0, 1450.0] um -> realized [1400.0, 1500.0] um | face residuals (50.0, 50.0) um | extent 100.0 -> 100.0 um
    y: declared [1450.0, 1550.0] um -> realized [1500.0, 1600.0] um | face residuals (50.0, 50.0) um | extent 100.0 -> 100.0 um
    z: declared [2450.0, 2550.0] um -> realized [2500.0, 2600.0] um | face residuals (50.0, 50.0) um | extent 100.0 -> 100.0 um
    ! [off-lattice-face] x: PLACEMENT off by 50.0 um (50.00% of the declared 100.0 um extent); SIZE preserved
      remedy: place a mesh node on this face (non-uniform profile) or choose the cell size / origin commensurate with it
    ! [off-lattice-face] y: PLACEMENT off by 50.0 um (50.00% of the declared 100.0 um extent); SIZE preserved
      remedy: place a mesh node on this face (non-uniform profile) or choose the cell size / origin commensurate with it
    ! [off-lattice-face] z: PLACEMENT off by 50.0 um (50.00% of the declared 100.0 um extent); SIZE preserved
      remedy: place a mesh node on this face (non-uniform profile) or choose the cell size / origin commensurate with it
    ! [sheet-own-cell-live] x+y+z: the declared metal's cell volume stays live with eps_r 1.00 inside adjacent cavities — VACUUM substituted for declared metal
      remedy: two_plane=True on this entry (walls on both faces), or extend the abutting dielectric across this cell, or resolve the thickness with >= 2 cells

  geometry[10] 'pec' — one-plane sheet (normal x+y+z): electric wall on the LOWER node plane ONLY
    cells: 1
    x: declared [550.0, 650.0] um -> realized [600.0, 700.0] um | face residuals (50.0, 50.0) um | extent 100.0 -> 100.0 um
    y: declared [1550.0, 1650.0] um -> realized [1600.0, 1700.0] um | face residuals (50.0, 50.0) um | extent 100.0 -> 100.0 um
    z: declared [2450.0, 2550.0] um -> realized [2500.0, 2600.0] um | face residuals (50.0, 50.0) um | extent 100.0 -> 100.0 um
    ! [off-lattice-face] x: PLACEMENT off by 50.0 um (50.00% of the declared 100.0 um extent); SIZE preserved
      remedy: place a mesh node on this face (non-uniform profile) or choose the cell size / origin commensurate with it
    ! [sub-cell-placement] y: declared extent 100.0 um is smaller than the local cell 100.0 um; the body lands 50.0 um (0.50 cell) from its declared face. Placement quantizes to the lattice — a percentage of the declared extent is not a meaningful measure here
      remedy: place a mesh node on the declared face, or resolve the body with >= 1 cell, if this placement is load-bearing
    ! [off-lattice-face] z: PLACEMENT off by 50.0 um (50.00% of the declared 100.0 um extent); SIZE preserved
      remedy: place a mesh node on this face (non-uniform profile) or choose the cell size / origin commensurate with it
    ! [sheet-own-cell-live] x+y+z: the declared metal's cell volume stays live with eps_r 1.00 inside adjacent cavities — VACUUM substituted for declared metal
      remedy: two_plane=True on this entry (walls on both faces), or extend the abutting dielectric across this cell, or resolve the thickness with >= 2 cells

  geometry[11] 'pec' — one-plane sheet (normal x+y+z): electric wall on the LOWER node plane ONLY
    cells: 1
    x: declared [1350.0, 1450.0] um -> realized [1400.0, 1500.0] um | face residuals (50.0, 50.0) um | extent 100.0 -> 100.0 um
    y: declared [1550.0, 1650.0] um -> realized [1600.0, 1700.0] um | face residuals (50.0, 50.0) um | extent 100.0 -> 100.0 um
    z: declared [2450.0, 2550.0] um -> realized [2500.0, 2600.0] um | face residuals (50.0, 50.0) um | extent 100.0 -> 100.0 um
    ! [off-lattice-face] x: PLACEMENT off by 50.0 um (50.00% of the declared 100.0 um extent); SIZE preserved
      remedy: place a mesh node on this face (non-uniform profile) or choose the cell size / origin commensurate with it
    ! [sub-cell-placement] y: declared extent 100.0 um is smaller than the local cell 100.0 um; the body lands 50.0 um (0.50 cell) from its declared face. Placement quantizes to the lattice — a percentage of the declared extent is not a meaningful measure here
      remedy: place a mesh node on the declared face, or resolve the body with >= 1 cell, if this placement is load-bearing
    ! [off-lattice-face] z: PLACEMENT off by 50.0 um (50.00% of the declared 100.0 um extent); SIZE preserved
      remedy: place a mesh node on this face (non-uniform profile) or choose the cell size / origin commensurate with it
    ! [sheet-own-cell-live] x+y+z: the declared metal's cell volume stays live with eps_r 1.00 inside adjacent cavities — VACUUM substituted for declared metal
      remedy: two_plane=True on this entry (walls on both faces), or extend the abutting dielectric across this cell, or resolve the thickness with >= 2 cells

  geometry[12] 'pec' — one-plane sheet (normal x+y+z): electric wall on the LOWER node plane ONLY
    cells: 1
    x: declared [550.0, 650.0] um -> realized [600.0, 700.0] um | face residuals (50.0, 50.0) um | extent 100.0 -> 100.0 um
    y: declared [1750.0, 1850.0] um -> realized [1800.0, 1900.0] um | face residuals (50.0, 50.0) um | extent 100.0 -> 100.0 um
    z: declared [2450.0, 2550.0] um -> realized [2500.0, 2600.0] um | face residuals (50.0, 50.0) um | extent 100.0 -> 100.0 um
    ! [off-lattice-face] x: PLACEMENT off by 50.0 um (50.00% of the declared 100.0 um extent); SIZE preserved
      remedy: place a mesh node on this face (non-uniform profile) or choose the cell size / origin commensurate with it
    ! [off-lattice-face] y: PLACEMENT off by 50.0 um (50.00% of the declared 100.0 um extent); SIZE preserved
      remedy: place a mesh node on this face (non-uniform profile) or choose the cell size / origin commensurate with it
    ! [off-lattice-face] z: PLACEMENT off by 50.0 um (50.00% of the declared 100.0 um extent); SIZE preserved
      remedy: place a mesh node on this face (non-uniform profile) or choose the cell size / origin commensurate with it
    ! [sheet-own-cell-live] x+y+z: the declared metal's cell volume stays live with eps_r 1.00 inside adjacent cavities — VACUUM substituted for declared metal
      remedy: two_plane=True on this entry (walls on both faces), or extend the abutting dielectric across this cell, or resolve the thickness with >= 2 cells

  geometry[13] 'pec' — one-plane sheet (normal x+y+z): electric wall on the LOWER node plane ONLY
    cells: 1
    x: declared [1350.0, 1450.0] um -> realized [1400.0, 1500.0] um | face residuals (50.0, 50.0) um | extent 100.0 -> 100.0 um
    y: declared [1750.0, 1850.0] um -> realized [1800.0, 1900.0] um | face residuals (50.0, 50.0) um | extent 100.0 -> 100.0 um
    z: declared [2450.0, 2550.0] um -> realized [2500.0, 2600.0] um | face residuals (50.0, 50.0) um | extent 100.0 -> 100.0 um
    ! [off-lattice-face] x: PLACEMENT off by 50.0 um (50.00% of the declared 100.0 um extent); SIZE preserved
      remedy: place a mesh node on this face (non-uniform profile) or choose the cell size / origin commensurate with it
    ! [off-lattice-face] y: PLACEMENT off by 50.0 um (50.00% of the declared 100.0 um extent); SIZE preserved
      remedy: place a mesh node on this face (non-uniform profile) or choose the cell size / origin commensurate with it
    ! [off-lattice-face] z: PLACEMENT off by 50.0 um (50.00% of the declared 100.0 um extent); SIZE preserved
      remedy: place a mesh node on this face (non-uniform profile) or choose the cell size / origin commensurate with it
    ! [sheet-own-cell-live] x+y+z: the declared metal's cell volume stays live with eps_r 1.00 inside adjacent cavities — VACUUM substituted for declared metal
      remedy: two_plane=True on this entry (walls on both faces), or extend the abutting dielectric across this cell, or resolve the thickness with >= 2 cells

  geometry[14] 'pec' — one-plane sheet (normal x+y+z): electric wall on the LOWER node plane ONLY
    cells: 1
    x: declared [550.0, 650.0] um -> realized [600.0, 700.0] um | face residuals (50.0, 50.0) um | extent 100.0 -> 100.0 um
    y: declared [1850.0, 1950.0] um -> realized [1900.0, 2000.0] um | face residuals (50.0, 50.0) um | extent 100.0 -> 100.0 um
    z: declared [2450.0, 2550.0] um -> realized [2500.0, 2600.0] um | face residuals (50.0, 50.0) um | extent 100.0 -> 100.0 um
    ! [off-lattice-face] x: PLACEMENT off by 50.0 um (50.00% of the declared 100.0 um extent); SIZE preserved
      remedy: place a mesh node on this face (non-uniform profile) or choose the cell size / origin commensurate with it
    ! [off-lattice-face] y: PLACEMENT off by 50.0 um (50.00% of the declared 100.0 um extent); SIZE preserved
      remedy: place a mesh node on this face (non-uniform profile) or choose the cell size / origin commensurate with it
    ! [off-lattice-face] z: PLACEMENT off by 50.0 um (50.00% of the declared 100.0 um extent); SIZE preserved
      remedy: place a mesh node on this face (non-uniform profile) or choose the cell size / origin commensurate with it
    ! [sheet-own-cell-live] x+y+z: the declared metal's cell volume stays live with eps_r 1.00 inside adjacent cavities — VACUUM substituted for declared metal
      remedy: two_plane=True on this entry (walls on both faces), or extend the abutting dielectric across this cell, or resolve the thickness with >= 2 cells

  geometry[15] 'pec' — one-plane sheet (normal x+y+z): electric wall on the LOWER node plane ONLY
    cells: 1
    x: declared [1350.0, 1450.0] um -> realized [1400.0, 1500.0] um | face residuals (50.0, 50.0) um | extent 100.0 -> 100.0 um
    y: declared [1850.0, 1950.0] um -> realized [1900.0, 2000.0] um | face residuals (50.0, 50.0) um | extent 100.0 -> 100.0 um
    z: declared [2450.0, 2550.0] um -> realized [2500.0, 2600.0] um | face residuals (50.0, 50.0) um | extent 100.0 -> 100.0 um
    ! [off-lattice-face] x: PLACEMENT off by 50.0 um (50.00% of the declared 100.0 um extent); SIZE preserved
      remedy: place a mesh node on this face (non-uniform profile) or choose the cell size / origin commensurate with it
    ! [off-lattice-face] y: PLACEMENT off by 50.0 um (50.00% of the declared 100.0 um extent); SIZE preserved
      remedy: place a mesh node on this face (non-uniform profile) or choose the cell size / origin commensurate with it
    ! [off-lattice-face] z: PLACEMENT off by 50.0 um (50.00% of the declared 100.0 um extent); SIZE preserved
      remedy: place a mesh node on this face (non-uniform profile) or choose the cell size / origin commensurate with it
    ! [sheet-own-cell-live] x+y+z: the declared metal's cell volume stays live with eps_r 1.00 inside adjacent cavities — VACUUM substituted for declared metal
      remedy: two_plane=True on this entry (walls on both faces), or extend the abutting dielectric across this cell, or resolve the thickness with >= 2 cells

  geometry[16] 'pec' — one-plane sheet (normal y+z): electric wall on the LOWER node plane ONLY
    cells: 2
    x: declared [550.0, 750.0] um -> realized [600.0, 800.0] um | face residuals (50.0, 50.0) um | extent 200.0 -> 200.0 um
    y: declared [1950.0, 2050.0] um -> realized [2000.0, 2100.0] um | face residuals (50.0, 50.0) um | extent 100.0 -> 100.0 um
    z: declared [2450.0, 2550.0] um -> realized [2500.0, 2600.0] um | face residuals (50.0, 50.0) um | extent 100.0 -> 100.0 um
    ! [off-lattice-face] x: PLACEMENT off by 50.0 um (25.00% of the declared 200.0 um extent); SIZE preserved
      remedy: place a mesh node on this face (non-uniform profile) or choose the cell size / origin commensurate with it
    ! [off-lattice-face] y: PLACEMENT off by 50.0 um (50.00% of the declared 100.0 um extent); SIZE preserved
      remedy: place a mesh node on this face (non-uniform profile) or choose the cell size / origin commensurate with it
    ! [off-lattice-face] z: PLACEMENT off by 50.0 um (50.00% of the declared 100.0 um extent); SIZE preserved
      remedy: place a mesh node on this face (non-uniform profile) or choose the cell size / origin commensurate with it
    ! [sheet-own-cell-live] y+z: the declared metal's cell volume stays live with eps_r 1.00 inside adjacent cavities — VACUUM substituted for declared metal
      remedy: two_plane=True on this entry (walls on both faces), or extend the abutting dielectric across this cell, or resolve the thickness with >= 2 cells

  geometry[17] 'pec' — one-plane sheet (normal y+z): electric wall on the LOWER node plane ONLY
    cells: 2
    x: declared [1250.0, 1450.0] um -> realized [1300.0, 1500.0] um | face residuals (50.0, 50.0) um | extent 200.0 -> 200.0 um
    y: declared [1950.0, 2050.0] um -> realized [2000.0, 2100.0] um | face residuals (50.0, 50.0) um | extent 100.0 -> 100.0 um
    z: declared [2450.0, 2550.0] um -> realized [2500.0, 2600.0] um | face residuals (50.0, 50.0) um | extent 100.0 -> 100.0 um
    ! [off-lattice-face] x: PLACEMENT off by 50.0 um (25.00% of the declared 200.0 um extent); SIZE preserved
      remedy: place a mesh node on this face (non-uniform profile) or choose the cell size / origin commensurate with it
    ! [off-lattice-face] y: PLACEMENT off by 50.0 um (50.00% of the declared 100.0 um extent); SIZE preserved
      remedy: place a mesh node on this face (non-uniform profile) or choose the cell size / origin commensurate with it
    ! [off-lattice-face] z: PLACEMENT off by 50.0 um (50.00% of the declared 100.0 um extent); SIZE preserved
      remedy: place a mesh node on this face (non-uniform profile) or choose the cell size / origin commensurate with it
    ! [sheet-own-cell-live] y+z: the declared metal's cell volume stays live with eps_r 1.00 inside adjacent cavities — VACUUM substituted for declared metal
      remedy: two_plane=True on this entry (walls on both faces), or extend the abutting dielectric across this cell, or resolve the thickness with >= 2 cells

  geometry[18] 'pec' — one-plane sheet (normal y+z): electric wall on the LOWER node plane ONLY
    cells: 4
    x: declared [550.0, 950.0] um -> realized [600.0, 1000.0] um | face residuals (50.0, 50.0) um | extent 400.0 -> 400.0 um
    y: declared [2050.0, 2150.0] um -> realized [2100.0, 2200.0] um | face residuals (50.0, 50.0) um | extent 100.0 -> 100.0 um
    z: declared [2450.0, 2550.0] um -> realized [2500.0, 2600.0] um | face residuals (50.0, 50.0) um | extent 100.0 -> 100.0 um
    ! [off-lattice-face] x: PLACEMENT off by 50.0 um (12.50% of the declared 400.0 um extent); SIZE preserved
      remedy: place a mesh node on this face (non-uniform profile) or choose the cell size / origin commensurate with it
    ! [sub-cell-placement] y: declared extent 100.0 um is smaller than the local cell 100.0 um; the body lands 50.0 um (0.50 cell) from its declared face. Placement quantizes to the lattice — a percentage of the declared extent is not a meaningful measure here
      remedy: place a mesh node on the declared face, or resolve the body with >= 1 cell, if this placement is load-bearing
    ! [off-lattice-face] z: PLACEMENT off by 50.0 um (50.00% of the declared 100.0 um extent); SIZE preserved
      remedy: place a mesh node on this face (non-uniform profile) or choose the cell size / origin commensurate with it
    ! [sheet-own-cell-live] y+z: the declared metal's cell volume stays live with eps_r 1.00 inside adjacent cavities — VACUUM substituted for declared metal
      remedy: two_plane=True on this entry (walls on both faces), or extend the abutting dielectric across this cell, or resolve the thickness with >= 2 cells

  geometry[19] 'pec' — one-plane sheet (normal y+z): electric wall on the LOWER node plane ONLY
    cells: 4
    x: declared [1050.0, 1450.0] um -> realized [1100.0, 1500.0] um | face residuals (50.0, 50.0) um | extent 400.0 -> 400.0 um
    y: declared [2050.0, 2150.0] um -> realized [2100.0, 2200.0] um | face residuals (50.0, 50.0) um | extent 100.0 -> 100.0 um
    z: declared [2450.0, 2550.0] um -> realized [2500.0, 2600.0] um | face residuals (50.0, 50.0) um | extent 100.0 -> 100.0 um
    ! [off-lattice-face] x: PLACEMENT off by 50.0 um (12.50% of the declared 400.0 um extent); SIZE preserved
      remedy: place a mesh node on this face (non-uniform profile) or choose the cell size / origin commensurate with it
    ! [sub-cell-placement] y: declared extent 100.0 um is smaller than the local cell 100.0 um; the body lands 50.0 um (0.50 cell) from its declared face. Placement quantizes to the lattice — a percentage of the declared extent is not a meaningful measure here
      remedy: place a mesh node on the declared face, or resolve the body with >= 1 cell, if this placement is load-bearing
    ! [off-lattice-face] z: PLACEMENT off by 50.0 um (50.00% of the declared 100.0 um extent); SIZE preserved
      remedy: place a mesh node on this face (non-uniform profile) or choose the cell size / origin commensurate with it
    ! [sheet-own-cell-live] y+z: the declared metal's cell volume stays live with eps_r 1.00 inside adjacent cavities — VACUUM substituted for declared metal
      remedy: two_plane=True on this entry (walls on both faces), or extend the abutting dielectric across this cell, or resolve the thickness with >= 2 cells

  geometry[20] 'ptfe'
    cells: 141
    x: declared [600.0, 1400.0] um -> realized [700.0, 1500.0] um | face residuals (100.0, 100.0) um | extent 800.0 -> 800.0 um
    y: declared [1300.0, 2100.0] um -> realized [1400.0, 2200.0] um | face residuals (100.0, 100.0) um | extent 800.0 -> 800.0 um
    z: declared [2400.0, 2700.0] um -> realized [2500.0, 2800.0] um | face residuals (100.0, 100.0) um | extent 300.0 -> 300.0 um
    ! [claimed-by-conductor] 23.4% of this dielectric's cells are also PEC — the conductor wins, so that fraction of the declared material is not solved
      remedy: check the overlap against the intended stack; shrink whichever body is over-declared
    ! [bbox-offset] x: PLACEMENT off by 100.0 um (12.50% of the declared 800.0 um extent); SIZE preserved. Curved boundary sampled cell-wise; midpoint shift +100.0 um (+1.00 cell). A non-Box mask samples NODE coordinates while these bounds are cell EDGES, so up to half a cell of the offset is a readout convention, not a displacement — the midpoint shift is the convention-free number
      remedy: refine the local cell size if either the placement or the realized size is load-bearing for the comparison
    ! [bbox-offset] y: PLACEMENT off by 100.0 um (12.50% of the declared 800.0 um extent); SIZE preserved. Curved boundary sampled cell-wise; midpoint shift +100.0 um (+1.00 cell). A non-Box mask samples NODE coordinates while these bounds are cell EDGES, so up to half a cell of the offset is a readout convention, not a displacement — the midpoint shift is the convention-free number
      remedy: refine the local cell size if either the placement or the realized size is load-bearing for the comparison
    ! [bbox-offset] z: PLACEMENT off by 100.0 um (33.33% of the declared 300.0 um extent); SIZE preserved. Curved boundary sampled cell-wise; midpoint shift +100.0 um (+1.00 cell). A non-Box mask samples NODE coordinates while these bounds are cell EDGES, so up to half a cell of the offset is a readout convention, not a displacement — the midpoint shift is the convention-free number
      remedy: refine the local cell size if either the placement or the realized size is load-bearing for the comparison
    ! [materialization-overridden] only 33.3% of this entity's cells carry the declared eps_r 2.100 (assembled range 2.100..3.660)
      remedy: a later entity overwrites these cells (assembly is declaration-ordered) — check the overlap, or reorder if the overlap is unintended

  geometry[21] 'sub'
    cells: 13230
    x: declared [0.0, 12500.0] um -> realized [0.0, 12600.0] um | face residuals (0.0, 100.0) um | extent 12500.0 -> 12600.0 um
    y: declared [0.0, 3400.0] um -> realized [0.0, 3500.0] um | face residuals (0.0, 100.0) um | extent 3400.0 -> 3500.0 um
    z: declared [2550.0, 2850.0] um -> realized [2600.0, 2900.0] um | face residuals (50.0, 50.0) um | extent 300.0 -> 300.0 um
    ! [claimed-by-conductor] 0.2% of this dielectric's cells are also PEC — the conductor wins, so that fraction of the declared material is not solved
      remedy: check the overlap against the intended stack; shrink whichever body is over-declared
    ! [inside-absorber] x,y: the realized body extends beyond the declared domain on x,y — those cells sit in the CPML pad, where the update equations are the absorber's
      remedy: keep the body inside the domain, or enlarge the domain so the absorber stays empty
    ! [off-lattice-face] x: PLACEMENT off by 100.0 um (0.80% of the declared 12500.0 um extent); SIZE 12600.0 um (+100.0 um, +0.80%)
      remedy: place a mesh node on this face (non-uniform profile) or choose the cell size / origin commensurate with it
    ! [off-lattice-face] y: PLACEMENT off by 100.0 um (2.94% of the declared 3400.0 um extent); SIZE 3500.0 um (+100.0 um, +2.94%)
      remedy: place a mesh node on this face (non-uniform profile) or choose the cell size / origin commensurate with it
    ! [off-lattice-face] z: PLACEMENT off by 50.0 um (16.67% of the declared 300.0 um extent); SIZE preserved
      remedy: place a mesh node on this face (non-uniform profile) or choose the cell size / origin commensurate with it

  geometry[22] 'pec' — one-plane sheet (normal z): electric wall on the LOWER node plane ONLY
    cells: 805
    x: declared [1000.0, 12500.0] um -> realized [1100.0, 12600.0] um | face residuals (100.0, 100.0) um | extent 11500.0 -> 11500.0 um
    y: declared [1400.0, 2000.0] um -> realized [1400.0, 2100.0] um | face residuals (0.0, 100.0) um | extent 600.0 -> 700.0 um
    z: declared [2850.0, 2950.0] um -> realized [2900.0, 3000.0] um | face residuals (50.0, 50.0) um | extent 100.0 -> 100.0 um
    ! [inside-absorber] x: the realized body extends beyond the declared domain on x — those cells sit in the CPML pad, where the update equations are the absorber's
      remedy: keep the body inside the domain, or enlarge the domain so the absorber stays empty
    ! [off-lattice-face] x: PLACEMENT off by 100.0 um (0.87% of the declared 11500.0 um extent); SIZE preserved
      remedy: place a mesh node on this face (non-uniform profile) or choose the cell size / origin commensurate with it
    ! [off-lattice-face] y: PLACEMENT off by 100.0 um (16.67% of the declared 600.0 um extent); SIZE 700.0 um (+100.0 um, +16.67%)
      remedy: place a mesh node on this face (non-uniform profile) or choose the cell size / origin commensurate with it
    ! [sub-cell-placement] z: declared extent 100.0 um is smaller than the local cell 100.0 um; the body lands 50.0 um (0.50 cell) from its declared face. Placement quantizes to the lattice — a percentage of the declared extent is not a meaningful measure here
      remedy: place a mesh node on the declared face, or resolve the body with >= 1 cell, if this placement is load-bearing
    ! [sheet-own-cell-live] z: the declared metal's cell volume stays live with eps_r 1.00 inside adjacent cavities — VACUUM substituted for declared metal
      remedy: two_plane=True on this entry (walls on both faces), or extend the abutting dielectric across this cell, or resolve the thickness with >= 2 cells

  geometry[23] 'pec' — volumetric PEC (>= 2 cells on every axis)
    cells: 66
    x: declared [800.0, 1200.0] um -> realized [900.0, 1300.0] um | face residuals (100.0, 100.0) um | extent 400.0 -> 400.0 um
    y: declared [1500.0, 1900.0] um -> realized [1600.0, 2000.0] um | face residuals (100.0, 100.0) um | extent 400.0 -> 400.0 um
    z: declared [2400.0, 3000.0] um -> realized [2500.0, 3100.0] um | face residuals (100.0, 100.0) um | extent 600.0 -> 600.0 um
    ! [bbox-offset] x: PLACEMENT off by 100.0 um (25.00% of the declared 400.0 um extent); SIZE preserved. Curved boundary sampled cell-wise; midpoint shift +100.0 um (+1.00 cell). A non-Box mask samples NODE coordinates while these bounds are cell EDGES, so up to half a cell of the offset is a readout convention, not a displacement — the midpoint shift is the convention-free number
      remedy: refine the local cell size if either the placement or the realized size is load-bearing for the comparison
    ! [bbox-offset] y: PLACEMENT off by 100.0 um (25.00% of the declared 400.0 um extent); SIZE preserved. Curved boundary sampled cell-wise; midpoint shift +100.0 um (+1.00 cell). A non-Box mask samples NODE coordinates while these bounds are cell EDGES, so up to half a cell of the offset is a readout convention, not a displacement — the midpoint shift is the convention-free number
      remedy: refine the local cell size if either the placement or the realized size is load-bearing for the comparison
    ! [bbox-offset] z: PLACEMENT off by 100.0 um (16.67% of the declared 600.0 um extent); SIZE preserved. Curved boundary sampled cell-wise; midpoint shift +100.0 um (+1.00 cell). A non-Box mask samples NODE coordinates while these bounds are cell EDGES, so up to half a cell of the offset is a readout convention, not a displacement — the midpoint shift is the convention-free number
      remedy: refine the local cell size if either the placement or the realized size is load-bearing for the comparison

  NOT AUDITED by this report
    ! [out-of-scope] 1 MSL port(s); 1 coaxial port (pin/shield/caps)(s) — these declare geometry and/or materials that this report does not walk (port pins, shields, end caps, source cells)
      remedy: audit those with their own port preflight checks; do not read this report as covering them

<checkout>/scripts/diagnostics/coax_msl_transition_settled_run.py:747: UserWarning: compute_coax_msl_transition(): the registered coax port impedance (50.00 ohm) diverges 10.0% from the analytic coax Z0 (45.46 ohm) this method actually uses for the power-wave normalization (z0_ref) and for sizing the feed resistor / termination. The registered impedance= is NOT the reference impedance of the returned s_params; it only affects source/termination sizing. Pass a matching pin_radius/outer_radius (coax) or width/height/eps_r_sub (msl), or reconcile the mismatch, before trusting a specific reference-impedance interpretation.
<checkout>/scripts/diagnostics/coax_msl_transition_settled_run.py:747: UserWarning: compute_coax_msl_transition(): the registered msl port impedance (50.00 ohm) diverges 5.8% from the analytic msl Z0 (53.11 ohm) this method actually uses for the power-wave normalization (z0_ref) and for sizing the feed resistor / termination. The registered impedance= is NOT the reference impedance of the returned s_params; it only affects source/termination sizing. Pass a matching pin_radius/outer_radius (coax) or width/height/eps_r_sub (msl), or reconcile the mismatch, before trusting a specific reference-impedance interpretation.
<checkout>/rfx/api/_sparams.py:1881: UserWarning: solve_two_port_from_wave_amplitudes: the two drives are nearly linearly dependent at 3/3 frequencies (cond > 1000; worst 5.95e+07) — usually both ports seeing essentially the same field, e.g. a symmetric structure driven identically, or one drive that failed to excite. S at those bins is degenerate. NOTE this threshold flags DEGENERACY only: cond below it is NOT a reliability certificate, because cond(A) also multiplies whatever noise is on the measured amplitudes (~1.3e-2 relative error in S from 1e-4 noise at cond=199, which never trips this warning).
<checkout>/rfx/api/_sparams.py:7001: UserWarning: compute_coax_msl_transition: extracted S-matrix failed a passivity/finiteness self-check — passivity_violation: max column power 28.6017 exceeds limit 1.1 at driven port 1, frequency index 2. A passive structure cannot have column power > 1; this almost always means the extractor (current sign/scale or reference plane) is wrong and the S-parameters are UNRELIABLE. Inspect the V/I dump via rfx.validation.validate_port_smatrix / replay_smatrix_from_vi_dump before trusting or optimizing against these numbers. compute_coax_msl_transition: per-frequency amplitude advisory at frequency index 2: max |S| = 4.875; passivity violated: extraction/normalization artifact — do not interpret as physics; see the normalize parameter docstring and issue #337

FDTD run complete in 121.7s (2.0 min)

=== measured witnesses ===
  settling_db (per drive)          : [-128.4904588362289, -118.79848814811461]  (-40 dB rule cleared: True)
  cond_a_equilibrated               : [2.0314130914783473, 5.124047903250154, 10.484707528041783]
  gamma_ratio (coax-driven, vs HJ beta): [1.3801999636193671, 1.0813146777638674, 0.922105214830391]
  reciprocity worst deviation (pair=(0, 1)): 0.7886900514053979
  |S22|                             : [0.3280274730855178, 0.6544530463304323, 2.1989283968662825]
  max|S|                            : 4.8750855679847955
  MSL-driven column power (|S01|^2+|S11|^2): [0.959371564059218, 5.0190905891944375, 28.601745389718555]
  passivity guard (strict=True) raised: True
    message: compute_coax_msl_transition: extracted S-matrix failed a passivity/finiteness self-check — passivity_violation: max column power 28.6017 exceeds limit 1.1 at driven port 1, frequency index 2. A passive structure cannot have column power > 1; this almost always means the extractor (current sign/scale or reference plane) is wrong and the S-parameters are UNRELIABLE. Inspect the V/I dump via rfx.validation.validate_port_smatrix / replay_smatrix_from_vi_dump before trusting or optimizing against these numbers. compute_coax_msl_transition: per-frequency amplitude advisory at frequency index 2: max |S| = 4.875; passivity violated: extraction/normalization artifact — do not interpret as physics; see the normalize parameter docstring and issue #337

=== #589 extended witnesses (all bins; committed bins marked *) ===
  precision: jax_enable_x64=False, solve complex dtype=complex64 (method rule); s_params dtype=complex128, a_inc dtype=complex128 (assembly)
  bin  f[GHz]   |S00|dB   |S10|dB   |S01|dB   |S11|dB   colP_coax  colP_msl   lam_min(I-S^HS)  cond_a_raw   cond_a_eq
  * 0   6.000     -2.56    -11.28     -0.70     -9.68    0.62864    0.95937  -5.87313e-01  1.298e+07  2.031413
  * 1   8.000      4.13     -6.88      6.62     -3.68    2.79228    5.01909  -6.80568e+00  2.796e+07  5.124048
  * 2  10.000      5.22      0.74     13.76      6.84    4.51242   28.60175  -3.20626e+01  5.951e+07  10.484708
  complex S per bin (re, im):
  * 0   6.000  S00=(+1.298343e-01,-7.330525e-01)  S01=(-8.373999e-01,-3.879832e-01)  S10=(-2.564399e-01,+9.305026e-02)  S11=(+7.177556e-02,+3.200786e-01)
  * 1   8.000  S00=(+1.519467e+00,-5.277415e-01)  S01=(+2.796903e-01,-2.124278e+00)  S10=(-3.184928e-01,+3.217910e-01)  S11=(+3.237815e-01,+5.687481e-01)
  * 2  10.000  S00=(-1.807678e+00,-2.413845e-01)  S01=(-3.158689e+00,+3.713373e+00)  S10=(-3.683880e-01,-1.025060e+00)  S11=(-2.154855e+00,-4.380483e-01)
  A2 verdict: EXTRACTOR (lambda_min(I - S^H S) < -0.02 at >=1 bin: non-passive S)
  A3 fit_residual [array/drive] per bin (recurrence in parentheses):
  * 0   6.000  coax/coax 0.0002098 (0.000214)  coax/msl 0.0001318 (0.000136)  msl/coax 0.0713 (0.0314)  msl/msl 0.3422 (0.157)
  * 1   8.000  coax/coax 0.0001612 (0.000173)  coax/msl 0.0001881 (0.000194)  msl/coax 0.05419 (0.0318)  msl/msl 0.2639 (0.165)
  * 2  10.000  coax/coax 0.0003183 (0.000345)  coax/msl 0.0002485 (0.000257)  msl/coax 0.0517 (0.0237)  msl/msl 0.222 (0.153)
  A3 verdict (MSL ladder, BOTH drives, fit+recurrence, committed bins): EXTRACTOR ((b)-on-ladder supported): MSL ladder, MSL drive: 6 GHz: fit_residual 0.3422 > 0.02 (borrowed); 8 GHz: fit_residual 0.2639 > 0.02 (borrowed); 10 GHz: fit_residual 0.222 > 0.02 (borrowed); 6 GHz: recurrence_residual 0.1567 > 0.02 (borrowed); 8 GHz: recurrence_residual 0.1649 > 0.02 (borrowed); 10 GHz: recurrence_residual 0.1535 > 0.02 (borrowed)
  |a_inc| / |b_out| per bin [coax array: coax drive, msl drive | msl array: coax drive, msl drive]:
  * 0   6.000  a: 8.7620e-08, 7.6997e-15 | 4.1913e-08, 5.4699e-15   b: 9.4081e-08, 6.9168e-16 | 3.5049e-08, 3.7533e-16
  * 1   8.000  a: 5.4217e-08, 4.5132e-15 | 2.4108e-08, 3.3900e-15   b: 5.7071e-08, 3.8877e-16 | 1.8766e-08, 3.4305e-16
  * 2  10.000  a: 2.9095e-08, 2.7097e-15 | 1.4286e-08, 9.7923e-16   b: 2.9558e-08, 2.2765e-16 | 1.1881e-08, 8.1162e-16
  A5 |a_inc/b_out| per bin: coax array under MSL drive (expect ~0) | MSL array under coax drive (expect ~0.030)
  * 0   6.000  11.132 | 1.1958
  * 1   8.000  11.609 | 1.2847
  * 2  10.000  11.903 | 1.2025
  A5 verdict coax side: FLOOR (max ratio 11.9 > 0.3 or erratic bin-to-bin, committed bins): the non-driven port's signal is extractor floor
  A5 verdict MSL side : FLOOR (max ratio 1.285 > 0.3 or erratic bin-to-bin, committed bins): the non-driven port's signal is extractor floor
  settling_db per drive: [-128.4904588362289, -118.79848814811461]  (cleared -40 dB: True)
  solve warnings captured: 4 (dumped verbatim in JSON)

=== A0 reproduction vs baseline (two-tier predeclaration; budget UNMEASURED) ===
  baseline : scripts/diagnostics/_coax_msl_transition_settled_run_logs/remeasure_369367257263_attempt2_x64-0_result.json
  status   : compared but NOT a reproduction test
  NOTE     : NOT COMPARABLE as a reproduction test: fixture this run attempt3 vs baseline attempt2
  delta max_abs_delta_S_complex: 4.874673278412735
  delta gamma_ratio_coax_driven_info: [0.23172684289268775, 0.22265744741729632, 0.12898900261972868]
  delta cond_a_equilibrated_info: [1.0292189402927496, 4.121588628068948, 9.479694089412162]
  delta settling_db_info: [82.5506957640756, 74.62724628830847]
  delta reciprocity_worst_deviation_info: 0.12522957633965903
  compared : {'complex_S_per_bin_max_abs_delta': [1.3381274314970206, 2.566525382173585, 4.874673278412735]}
  precision: this run jax_enable_x64=False  baseline jax_enable_x64=False  (ext_589.precision.jax_enable_x64)
  tier value (max |delta| over comparable |S|-type quantities): 4.874673278412735
  TIER     : NOT COMPARABLE (fixture this run attempt3 vs baseline attempt2): reproduction tier NOT applied; tier_value/deltas are informational

result JSON written to: <checkout>/.omx/589-remeasure/20260830T130616Z-4819acb63954-attempt3-x640/remeasure_result.json

=== SUMMARY (for filling SETTLED_RUN_RECORD -- hand-copy, do not auto-apply) ===
  status              : RUN
  target_n_steps       : 135000
  n_steps (this run)   : 135000
  settling_db          : [-128.4904588362289, -118.79848814811461]  (-40 dB rule cleared: True)
  reciprocity worst dev: 0.7886900514053979
  |S22|                : [0.3280274730855178, 0.6544530463304323, 2.1989283968662825]
  max|S|               : 4.8750855679847955
  col_msl_driven_power : [0.959371564059218, 5.0190905891944375, 28.601745389718555]
  gamma_ratio          : [1.3801999636193671, 1.0813146777638674, 0.922105214830391]
  log_path             : <checkout>/.omx/589-remeasure/20260830T130616Z-4819acb63954-attempt3-x640/remeasure_result.json
  vessl_run_id         : <fill from the VESSL job that ran this>

=== #589 EXTENSION SUMMARY (committed bins; report-only) ===
  fixture              : attempt3  grid(padded)=[142, 51, 56]
  precision            : jax_enable_x64=False  solve=complex64  s_params(assembly)=complex128
  |S00|                : [0.744461512740308, 1.6085061455799279, 1.823723273615549]
  |S10| dB / |S01| dB  : [-11.2831176199793, -6.882734600975178, 0.7425232628368227] / [-0.6967789423334346, 6.618866511643664, 13.759644857624401]
  col_coax_driven_power: [0.6286426993064638, 2.7922791243715883, 4.512424461960423]
  lambda_min(I-S^HS)   : [-0.5873134891434555, -6.80567845971852, -32.06260601019346]  -> EXTRACTOR (lambda_min(I - S^H S) < -0.02 at >=1 bin: non-passive S)
  cond_a raw / eq      : [12976321.880860087, 27957464.8690214, 59513074.17939492] / [2.0314130914783473, 5.124047903250154, 10.484707528041783]
  A3 (msl/msl fit_res) : [0.34219966895784, 0.263865922847123, 0.2220152579582658]  (msl/coax fit_res [0.07129910892392793, 0.05419061260006567, 0.05169879645542466])  -> EXTRACTOR ((b)-on-ladder supported): MSL ladder, MSL drive: 6 GHz: fit_residual 0.3422 > 0.02 (borrowed); 8 GHz: fit_residual 0.2639 > 0.02 (borrowed); 10 GHz: fit_residual 0.222 > 0.02 (borrowed); 6 GHz: recurrence_residual 0.1567 > 0.02 (borrowed); 8 GHz: recurrence_residual 0.1649 > 0.02 (borrowed); 10 GHz: recurrence_residual 0.1535 > 0.02 (borrowed)
  A5 coax|MSL ratios   : [11.13200912056327, 11.608960597005106, 11.902922133444854] | [1.1958257713661198, 1.2846890254080487, 1.2025051526286874]
  A5 verdicts          : coax: FLOOR (max ratio 11.9 > 0.3 or erratic bin-to-bin, committed bins): the non-driven port's signal is extractor floor ; msl: FLOOR (max ratio 1.285 > 0.3 or erratic bin-to-bin, committed bins): the non-driven port's signal is extractor floor
  A0 tier              : NOT COMPARABLE (fixture this run attempt3 vs baseline attempt2): reproduction tier NOT applied; tier_value/deltas are informational  [compared but NOT a reproduction test]
  preflight lines      : 50  (method skip_preflight flag is inert; see header)
