Organization: remilab
Project: byungkwan
Displayed last 72 lines of #369367260731.
[12:12:57.903648] workload awaiting to start
[12:12:57.903748] Workload status changed to pending
[12:13:02.527220] Event Reason: FailedScheduling, Event Note: 0/14 nodes are available: pod has unbound immediate PersistentVolumeClaims. preemption: 0/14 nodes are available: 14 Preemption is not helpful for scheduling.
[12:13:02.527220] Workload is in queue for scheduling. Please wait...
[12:13:03.574124] Event Reason: FailedScheduling, Event Note: 0/14 nodes are available: pod has unbound immediate PersistentVolumeClaims. preemption: 0/14 nodes are available: 14 Preemption is not helpful for scheduling.
[12:13:03.574124] Workload is in queue for scheduling. Please wait...
[12:13:05.674257] VESSL Workload assigned successfully. Starting soon.
[12:13:06.000000] Container image "quay.io/vessl-ai/kernels-toolbox:0.1.188" already present on machine
[12:13:06.000000] Created container vops-init
[12:13:06.000000] Started container vops-init
[12:13:07.000000] Started container run-sidecar
[12:13:07.000000] Starting VESSL Workload...
[12:13:07.000000] Created container run-exec
[12:13:07.000000] Started container run-exec
[12:13:07.000000] Created container fluentbit
[12:13:07.000000] Container image "quay.io/vessl-ai/fluent-bit:2.1.6" already present on machine
[12:13:07.000000] Container image "ghcr.io/bk-squared/rfx-openems:5b423bdfe0c8" already present on machine
[12:13:07.000000] Container image "quay.io/vessl-ai/sidecar:v0.0.3" already present on machine
[12:13:07.000000] Created container run-sidecar
[12:13:07.001000] Container image "ghcr.io/bk-squared/rfx-openems:5b423bdfe0c8" already present on machine
[12:13:08.000000] Created container vops-sidecar
[12:13:08.000000] Started container vops-sidecar
[12:13:08.124083] Installing VESSL CLI...
[12:13:09.254708] workload reported alive as pod run-execution-3qkrmjiulyyk-0
[12:13:09.254808] Workload status changed to initializing
[12:13:10.356610] + set +x
[12:13:14.546005] vessl, version 0.1.199
[12:13:15.393789] workload reported alive as pod run-execution-3qkrmjiulyyk-0
[12:13:15.393889] Workload status changed to running
[12:13:15.468999] + mkdir -p /root
[12:13:15.470670] + cd /root
[12:13:15.471058] + set -u
[12:13:15.471077] + COMMIT=3fa534d17c35463fc5e0082bc9159eaec1ec5b37
[12:13:15.471086] + REPO=/tmp/rfx-cv11-3fa534d17c35
[12:13:15.471102] + OUT=/root/workspace/byungkwan-workspace/research/rfx-cv11-refresh-3fa534d17c35
[12:13:15.471110] + rm -rf /tmp/rfx-cv11-3fa534d17c35
[12:13:15.472534] + mkdir -p /root/workspace/byungkwan-workspace/research/rfx-cv11-refresh-3fa534d17c35
[12:13:15.480859] === cv11 refresh on exact origin/main ===
[12:13:15.480882] + echo '=== cv11 refresh on exact origin/main ==='
[12:13:15.480905] + date -u
[12:13:15.482096] Sun Sep 13 12:13:15 UTC 2026
[12:13:15.482360] + git clone --quiet https://github.com/bk-squared/rfx.git /tmp/rfx-cv11-3fa534d17c35
[12:13:35.267978] + git -C /tmp/rfx-cv11-3fa534d17c35 checkout --quiet 3fa534d17c35463fc5e0082bc9159eaec1ec5b37
[12:13:35.452375] + git -C /tmp/rfx-cv11-3fa534d17c35 rev-parse HEAD
[12:13:35.452477] + tee /root/workspace/byungkwan-workspace/research/rfx-cv11-refresh-3fa534d17c35/commit.txt
[12:13:35.455146] 3fa534d17c35463fc5e0082bc9159eaec1ec5b37
[12:13:35.457285] + git -C /tmp/rfx-cv11-3fa534d17c35 status --short
[12:13:35.457406] + tee /root/workspace/byungkwan-workspace/research/rfx-cv11-refresh-3fa534d17c35/checkout_status.txt
[12:13:35.638818] + PY=python
[12:13:35.638845] + command -v python
[12:13:35.638865] + python -m pip install -q 'scipy>=1.11' 'h5py>=3.8' 'matplotlib>=3.7'
[12:13:36.026575] WARNING: Running pip as the 'root' user can result in broken permissions and conflicting behaviour with the system package manager, possibly rendering your system unusable. It is recommended to use a virtual environment instead: https://pip.pypa.io/warnings/venv. Use the --root-user-action option if you know what you are doing and want to suppress this warning.
[12:13:36.054214] + export 'RFX_REPO_ROOT=/tmp/rfx-cv11-3fa534d17c35'
[12:13:36.054235] + export 'PYTHONPATH=/tmp/rfx-cv11-3fa534d17c35'
[12:13:36.054240] + export 'MPLBACKEND=Agg'
[12:13:36.054796] + tee /root/workspace/byungkwan-workspace/research/rfx-cv11-refresh-3fa534d17c35/dependency_probe.txt
[12:13:36.054862] + python -c 'import jax, rfx, os; print('"'"'probe jax'"'"', jax.__version__, jax.default_backend(), '"'"'rfx'"'"', getattr(rfx, '"'"'__version__'"'"', '"'"'?'"'"'), '"'"'from'"'"', os.path.dirname(rfx.__file__))'
[12:13:36.070547] Traceback (most recent call last):
[12:13:36.070563]   File "<string>", line 1, in <module>
[12:13:36.070569] ModuleNotFoundError: No module named 'jax'
[12:13:36.095279] workload reported done
[12:13:36.095380] Workload status changed to stopping
[12:13:51.501750] workload reported done
[12:13:51.501850] Workload status changed to waitToBeKilled
[12:13:53.000000] Stopping container vops-sidecar
[12:13:53.000000] Stopping container run-sidecar
[12:13:53.000000] Stopping container run-exec
[12:13:53.000000] Terminating VESSL Workload...
[12:13:53.000000] Stopping container ttyd-sidecar
[12:13:53.000000] Stopping container fluentbit
[12:13:53.686761] workload failed
[12:13:53.686861] Workload status changed to failed
