Organization: remilab
Project: byungkwan
Displayed last 74 lines of #369367260761.
[15:57:36.263017] workload awaiting to start
[15:57:36.263117] Workload status changed to pending
[15:57:41.250997] Event Reason: FailedScheduling, Event Note: 0/14 nodes are available: pod has unbound immediate PersistentVolumeClaims. preemption: 0/14 nodes are available: 14 Preemption is not helpful for scheduling.
[15:57:41.250997] Workload is in queue for scheduling. Please wait...
[15:57:49.301942] VESSL Workload assigned successfully. Starting soon.
[15:57:50.000000] Container image "quay.io/vessl-ai/kernels-toolbox:0.1.188" already present on machine
[15:57:50.000000] Created container vops-init
[15:57:50.000000] Started container vops-init
[15:57:51.000000] Started container run-sidecar
[15:57:51.000000] Created container vops-sidecar
[15:57:51.000000] Created container ttyd-sidecar
[15:57:51.000000] Created container run-exec
[15:57:51.000000] Container image "quay.io/vessl-ai/kernels-toolbox:0.1.188" already present on machine
[15:57:51.000000] Started container fluentbit
[15:57:51.000000] Created container fluentbit
[15:57:51.000000] Started container ttyd-sidecar
[15:57:51.000000] Container image "quay.io/vessl-ai/fluent-bit:2.1.6" already present on machine
[15:57:51.000000] Container image "ghcr.io/bk-squared/rfx-openems:5b423bdfe0c8" already present on machine
[15:57:51.001000] Container image "ghcr.io/bk-squared/rfx-openems:5b423bdfe0c8" already present on machine
[15:57:51.789614] Installing VESSL CLI...
[15:57:52.656688] workload reported alive as pod run-execution-7tmk176iay83-0
[15:57:52.656788] Workload status changed to initializing
[15:57:53.773149] + set +x
[15:57:59.142026] vessl, version 0.1.199
[15:58:03.783706] workload reported alive as pod run-execution-7tmk176iay83-0
[15:58:03.783806] Workload status changed to running
[15:58:03.887877] + mkdir -p /root
[15:58:03.889565] + cd /root
[15:58:03.889936] + set -eu
[15:58:03.889953] + COMMIT=5979748c04c77ccfdcacea596949442f287e6273
[15:58:03.889961] + REPO=/tmp/rfx-cv05-5979748c04c77ccfdcacea596949442f287e6273
[15:58:03.889970] + OUT=/root/workspace/byungkwan-workspace/research/rfx-cv05-native/5979748c04c77ccfdcacea596949442f287e6273
[15:58:03.889984] + mkdir -p /tmp/rfx-cv05-5979748c04c77ccfdcacea596949442f287e6273 /root/workspace/byungkwan-workspace/research/rfx-cv05-native/5979748c04c77ccfdcacea596949442f287e6273
[15:58:03.897860] + git -C /tmp/rfx-cv05-5979748c04c77ccfdcacea596949442f287e6273 init -q
[15:58:03.901552] + git -C /tmp/rfx-cv05-5979748c04c77ccfdcacea596949442f287e6273 remote add origin https://github.com/bk-squared/rfx.git
[15:58:03.903491] + git -C /tmp/rfx-cv05-5979748c04c77ccfdcacea596949442f287e6273 fetch -q --depth 1 origin 5979748c04c77ccfdcacea596949442f287e6273
[15:58:21.817786] + git -C /tmp/rfx-cv05-5979748c04c77ccfdcacea596949442f287e6273 checkout -q --detach FETCH_HEAD
[15:58:23.036676] + cd /tmp/rfx-cv05-5979748c04c77ccfdcacea596949442f287e6273
[15:58:23.036916] + git rev-parse HEAD
[15:58:23.036934] + tee /root/workspace/byungkwan-workspace/research/rfx-cv05-native/5979748c04c77ccfdcacea596949442f287e6273/commit.txt
[15:58:23.040804] 5979748c04c77ccfdcacea596949442f287e6273
[15:58:23.042902] + python -m pip install -q 'jax[cpu]==0.6.2' 'numpy<2' 'scipy>=1.11' 'h5py>=3.8' 'matplotlib>=3.7' pytest
[15:58:29.251635] WARNING: Running pip as the 'root' user can result in broken permissions and conflicting behaviour with the system package manager, possibly rendering your system unusable. It is recommended to use a virtual environment instead: https://pip.pypa.io/warnings/venv. Use the --root-user-action option if you know what you are doing and want to suppress this warning.
[15:58:29.305787] + export 'PYTHONPATH=/tmp/rfx-cv05-5979748c04c77ccfdcacea596949442f287e6273'
[15:58:29.305811] + export 'RFX_CV05_NATIVE_DIR=/root/workspace/byungkwan-workspace/research/rfx-cv05-native/5979748c04c77ccfdcacea596949442f287e6273'
[15:58:29.305963] + python -c 'import jax, openEMS, CSXCAD; from openEMS.openEMS import openEMS as Solver; from CSXCAD.CSXCAD import ContinuousStructure; print("jax",jax.__version__,jax.default_backend(),"openEMS",getattr(openEMS,"__version__",None),"CSXCAD",getattr(CSXCAD,"__version__",None))'
[15:58:29.306079] + tee /root/workspace/byungkwan-workspace/research/rfx-cv05-native/5979748c04c77ccfdcacea596949442f287e6273/runtime.txt
[15:58:29.581828] jax 0.6.2 cpu openEMS 0.37.0 CSXCAD 0.7.0
[15:58:29.632656] + python -m pip freeze
[15:58:29.856252] + set +e
[15:58:29.857259] + timeout 900 python -m pytest tests/crossval/test_cv05_realized_sheet_planes.py::test_native_openems_keeps_the_transferred_board -q -ra '--junitxml=/root/workspace/byungkwan-workspace/research/rfx-cv05-native/5979748c04c77ccfdcacea596949442f287e6273/junit.xml'
[15:58:34.944376] + RC=0
[15:58:34.944411] + set -e
[15:58:34.944418] + cat /root/workspace/byungkwan-workspace/research/rfx-cv05-native/5979748c04c77ccfdcacea596949442f287e6273/native-tests.log
[15:58:34.946458] ..                                                                       [100%]
[15:58:34.946475] 2 passed in 4.67s
[15:58:34.948781] + echo 0
[15:58:34.950651] + '[' 0 -eq 0 ]
[15:58:34.950670] + python -c 'import os,xml.etree.ElementTree as E; from pathlib import Path; p=Path(os.environ["RFX_CV05_NATIVE_DIR"]); t=E.parse(p/"junit.xml"); cases=t.findall(".//testcase"); assert len(cases)==2 and not t.findall(".//skipped") and not t.findall(".//failure") and not t.findall(".//error"); print("NATIVE_GEOMETRY_TESTS=2 PASS; NO FDTD")'
[15:58:34.980210] workload reported done
[15:58:34.980310] Workload status changed to stopping
[15:58:34.982466] NATIVE_GEOMETRY_TESTS=2 PASS; NO FDTD
[15:58:34.986876] + exit 0
[15:58:39.901975] + set +x
[15:58:44.897586] workload reported done
[15:58:44.897686] Workload status changed to waitToBeKilled
[15:58:47.000000] Stopping container vops-sidecar
[15:58:47.000000] Stopping container run-sidecar
[15:58:47.000000] Stopping container run-exec
[15:58:47.000000] Terminating VESSL Workload...
[15:58:47.000000] Stopping container ttyd-sidecar
[15:58:47.000000] Stopping container fluentbit
[15:58:47.675287] workload completed
[15:58:47.675387] Workload status changed to completed
