Organization: remilab
Project: byungkwan
[12:28:59.172058] workload awaiting to start
[12:28:59.172158] Workload status changed to pending
[12:29:05.561562] Event Reason: FailedScheduling, Event Note: 0/14 nodes are available: pod has unbound immediate PersistentVolumeClaims. preemption: 0/14 nodes are available: 14 Preemption is not helpful for scheduling.
[12:29:05.561562] Workload is in queue for scheduling. Please wait...
[12:29:18.635398] VESSL Workload assigned successfully. Starting soon.
[12:29:19.000000] Container image "quay.io/vessl-ai/kernels-toolbox:0.1.188" already present on machine
[12:29:19.000000] Created container vops-init
[12:29:19.000000] Started container vops-init
[12:29:20.000000] Created container vops-sidecar
[12:29:20.000000] Starting VESSL Workload...
[12:29:20.000000] Started container vops-sidecar
[12:29:20.000000] Container image "quay.io/vessl-ai/kernels-toolbox:0.1.188" already present on machine
[12:29:20.000000] Started container run-exec
[12:29:20.000000] Started container ttyd-sidecar
[12:29:20.000000] Container image "ghcr.io/bk-squared/rfx-openems:5b423bdfe0c8" already present on machine
[12:29:20.000000] Container image "quay.io/vessl-ai/sidecar:v0.0.3" already present on machine
[12:29:20.001000] Container image "ghcr.io/bk-squared/rfx-openems:5b423bdfe0c8" already present on machine
[12:29:20.965445] Installing VESSL CLI...
[12:29:21.832648] workload reported alive as pod run-execution-dlvswrkt7564-0
[12:29:21.832748] Workload status changed to initializing
[12:29:22.940665] + set +x
[12:29:27.802372] vessl, version 0.1.199
[12:29:32.979111] workload reported alive as pod run-execution-dlvswrkt7564-0
[12:29:32.979211] Workload status changed to running
[12:29:33.060539] + mkdir -p /root
[12:29:33.062254] + cd /root
[12:29:33.062613] + set -u
[12:29:33.062630] + COMMIT=8206031de9923dfaddc17f7060def466a7906915
[12:29:33.062638] + REPO=/tmp/rfx-cv11-8206031de992
[12:29:33.062659] + OUT=/root/workspace/byungkwan-workspace/research/rfx-cv11-refresh-8206031de992
[12:29:33.062679] + rm -rf /tmp/rfx-cv11-8206031de992
[12:29:33.064092] + mkdir -p /root/workspace/byungkwan-workspace/research/rfx-cv11-refresh-8206031de992
[12:29:33.070665] === cv11 refresh on exact origin/main ===
[12:29:33.070671] + echo '=== cv11 refresh on exact origin/main ==='
[12:29:33.070694] + date -u
[12:29:33.071829] Sun Sep 13 12:29:33 UTC 2026
[12:29:33.072069] + git clone --quiet https://github.com/bk-squared/rfx.git /tmp/rfx-cv11-8206031de992
[12:29:52.748049] + git -C /tmp/rfx-cv11-8206031de992 checkout --quiet 8206031de9923dfaddc17f7060def466a7906915
[12:29:53.412562] + git -C /tmp/rfx-cv11-8206031de992 rev-parse HEAD
[12:29:53.412595] + tee /root/workspace/byungkwan-workspace/research/rfx-cv11-refresh-8206031de992/commit.txt
[12:29:53.415783] 8206031de9923dfaddc17f7060def466a7906915
[12:29:53.418178] + git -C /tmp/rfx-cv11-8206031de992 status --short
[12:29:53.418249] + tee /root/workspace/byungkwan-workspace/research/rfx-cv11-refresh-8206031de992/checkout_status.txt
[12:29:53.438276] + PY=python
[12:29:53.438292] + command -v python
[12:29:53.438302] + python -m pip install -q 'jax[cpu]==0.6.2' 'numpy<2' 'scipy>=1.11' 'h5py>=3.8' 'matplotlib>=3.7'
[12:29:58.522910] WARNING: Running pip as the 'root' user can result in broken permissions and conflicting behaviour with the system package manager, possibly rendering your system unusable. It is recommended to use a virtual environment instead: https://pip.pypa.io/warnings/venv. Use the --root-user-action option if you know what you are doing and want to suppress this warning.
[12:29:58.575866] + export 'RFX_REPO_ROOT=/tmp/rfx-cv11-8206031de992'
[12:29:58.576084] + export 'PYTHONPATH=/tmp/rfx-cv11-8206031de992'
[12:29:58.576091] + export 'MPLBACKEND=Agg'
[12:29:58.576102] + python -c 'import jax, rfx, os; print('"'"'probe jax'"'"', jax.__version__, jax.default_backend(), '"'"'rfx'"'"', getattr(rfx, '"'"'__version__'"'"', '"'"'?'"'"'), '"'"'from'"'"', os.path.dirname(rfx.__file__))'
[12:29:58.576108] + tee /root/workspace/byungkwan-workspace/research/rfx-cv11-refresh-8206031de992/dependency_probe.txt
[12:29:59.586389] probe jax 0.6.2 cpu rfx 1.8.0 from /tmp/rfx-cv11-8206031de992/rfx
[12:29:59.717911] + set +e
[12:29:59.718794] + timeout 7200 python -u /tmp/rfx-cv11-8206031de992/validation/crossval/11_waveguide_port_wr90.py
[12:31:25.551398] + RC=0
[12:31:25.551428] + set -e
[12:31:25.551554] + echo 0
[12:31:25.551609] + tee /root/workspace/byungkwan-workspace/research/rfx-cv11-refresh-8206031de992/cv11.rc
[12:31:25.556861] 0
[12:31:25.559073] + tail -n 120 /root/workspace/byungkwan-workspace/research/rfx-cv11-refresh-8206031de992/cv11.stdout
[12:31:25.560753]   10.30 | 1.0000@  -0.00d | 1.0000@  +0.00d | 1.0000@  -0.00d | 1.0000@-107.66d |       +0.0000        |   +107.66
[12:31:25.560764]   10.51 | 1.0000@  -0.00d | 1.0000@  -0.00d | 1.0000@  -0.00d | 1.0000@-172.62d |       +0.0000        |   +172.62
[12:31:25.560776]   10.72 | 1.0000@  +0.00d | 1.0000@  -0.00d | 1.0000@  +0.00d | 1.0000@+123.24d |       +0.0000        |   -123.24
[12:31:25.560781]   10.93 | 1.0000@  -0.00d | 1.0000@  +0.00d | 1.0000@  +0.00d | 1.0000@ +59.86d |       +0.0000        |    -59.86
[12:31:25.560784]   11.14 | 1.0000@  -0.00d | 1.0000@  +0.00d | 1.0000@  -0.00d | 1.0000@  -2.85d |       +0.0000        |     +2.85
[12:31:25.560787]   11.35 | 1.0000@  -0.00d | 1.0000@  -0.00d | 1.0000@  -0.00d | 1.0000@ -64.93d |       +0.0000        |    +64.93
[12:31:25.560790]   11.56 | 1.0000@  -0.00d | 1.0000@  -0.00d | 1.0000@  -0.00d | 1.0000@-126.44d |       +0.0000        |   +126.44
[12:31:25.560793]   11.77 | 1.0000@  -0.00d | 1.0000@  +0.00d | 1.0000@  +0.00d | 1.0000@+172.58d |       +0.0000        |   -172.58
[12:31:25.560796]   11.98 | 1.0000@  +0.00d | 1.0000@  -0.00d | 1.0000@  +0.00d | 1.0000@+112.09d |       -0.0000        |   -112.09
[12:31:25.560799]   12.19 | 1.0000@  -0.00d | 1.0000@  -0.00d | 1.0000@  -0.00d | 1.0000@ +52.05d |       -0.0000        |    -52.05
[12:31:25.560802]   12.40 | 1.0000@  +0.00d | 1.0000@  -0.00d | 1.0000@  -0.00d | 1.0000@  -7.57d |       +0.0000        |     +7.57
[12:31:25.560805] [summary empty S21 vs Palace_r_h2] |S|_diff: max=0.0000 mean=0.0000 | phase: max|d|=175.26d mean|d|=90.45d
[12:31:25.560808] [#931] realized PEC-short walls at [145.0, 146.0, 147.0] mm (506 PEC cells, 0 sheets); reflection plane 145.000 mm == declared 145.000 mm
[12:31:25.560813] /tmp/rfx-cv11-8206031de992/validation/crossval/11_waveguide_port_wr90.py:690: UserWarning: compute_waveguide_s_matrix(normalize=False): S21 and S-parameter phase include Yee numerical dispersion. For S21 accuracy and reciprocity use normalize=True. For |S11| of strong reflectors (PEC short, resonators) normalize=False is more accurate — see the normalize parameter docstring.
[12:31:25.560817]   result = sim.compute_waveguide_s_matrix(
[12:31:25.560820] 
[12:31:25.560823] [pec-short |S11|] |S|: max_diff=0.0020 mean_diff=0.0010 (gate 0.050)
[12:31:25.560826] [pec-short |S11|] ∠S: max_diff=0.00° mean_diff=0.00° (gate 180.0°)
[12:31:25.560829] 
[12:31:25.560833] [pec-short S11 round-trip phase] |S|: max_diff=0.0020 mean_diff=0.0010 (gate 0.100)
[12:31:25.560837] [pec-short S11 round-trip phase] ∠S: max_diff=3.26° mean_diff=1.45° (gate 15.0°)
[12:31:25.560840] [pec-short |S11| per-freq] per-freq band [0.930, 1.070]: min=0.9980 max=1.0019 violations=0/21 -> PASS
[12:31:25.560843] [pec-short |S11| per-freq] passivity ceiling max|S| <= 1.05: max=1.0019 -> PASS
[12:31:25.560846] 
[12:31:25.560849] [4way pec_short S11] f_GHz |    rfx     |   MEEP_r4  | OpenEMS_r4 | Palace_r_h2 | |S|_diff(rfx-Palace) | phase_diff_deg(rfx-Palace)
[12:31:25.560852] ------------------------------------------------------------------------------------------------------------------------------------
[12:31:25.560855]    8.20 | 0.9994@+123.66d | 1.1985@-138.43d | 0.9977@+136.71d | 1.0000@ -25.05d |       -0.0006        |   +148.71  rfx||S11|-1|=-0.0006
[12:31:25.560858]    8.41 | 0.9980@ +46.74d | 1.0910@ -62.74d | 0.9957@ +58.44d | 1.0000@+170.53d |       -0.0020        |   -123.79  rfx||S11|-1|=-0.0020
[12:31:25.560861]    8.62 | 0.9984@ -27.74d | 1.0212@ +10.66d | 1.0006@ -16.53d | 1.0000@ +12.38d |       -0.0016        |    -40.11  rfx||S11|-1|=-0.0016
[12:31:25.560864]    8.83 | 0.9997@-100.22d | 0.9767@ +81.87d | 1.0040@ -89.13d | 1.0000@-140.56d |       -0.0003        |    +40.34  rfx||S11|-1|=-0.0003
[12:31:25.560874]    9.04 | 0.9999@-170.46d | 0.9499@+151.17d | 1.0009@-159.91d | 1.0000@ +70.92d |       -0.0001        |   +118.62  rfx||S11|-1|=-0.0001
[12:31:25.560878]    9.25 | 0.9988@+121.50d | 0.9356@-141.16d | 0.9985@+131.30d | 1.0000@ -73.80d |       -0.0012        |   -164.69  rfx||S11|-1|=-0.0012
[12:31:25.560881]    9.46 | 0.9981@ +55.01d | 0.9303@ -74.90d | 1.0016@ +64.23d | 1.0000@+144.76d |       -0.0019        |    -89.75  rfx||S11|-1|=-0.0019
[12:31:25.560884]    9.67 | 0.9988@ -10.61d | 0.9321@  -9.86d | 1.0035@  -1.65d | 1.0000@  +6.19d |       -0.0012        |    -16.80  rfx||S11|-1|=-0.0012
[12:31:25.560887]    9.88 | 0.9999@ -75.39d | 0.9398@ +54.13d | 0.9996@ -66.44d | 1.0000@-129.83d |       -0.0001        |    +54.44  rfx||S11|-1|=-0.0001
[12:31:25.560890]   10.09 | 1.0000@-138.93d | 0.9524@+117.25d | 0.9959@-129.93d | 1.0000@ +96.41d |       -0.0000        |   +124.65  rfx||S11|-1|=-0.0000
[12:31:25.560897]   10.30 | 0.9990@+158.93d | 0.9690@+179.66d | 0.9977@+167.68d | 1.0000@ -35.32d |       -0.0010        |   -165.75  rfx||S11|-1|=-0.0010
[12:31:25.560901]   10.51 | 0.9982@ +97.79d | 0.9885@-118.54d | 1.0009@+106.01d | 1.0000@-165.24d |       -0.0018        |    -96.97  rfx||S11|-1|=-0.0018
[12:31:25.560905]   10.72 | 0.9986@ +37.06d | 1.0098@ -57.23d | 1.0000@ +44.96d | 1.0000@ +66.49d |       -0.0014        |    -29.42  rfx||S11|-1|=-0.0014
[12:31:25.560908]   10.93 | 0.9998@ -23.45d | 1.0317@  +3.68d | 0.9970@ -15.32d | 1.0000@ -60.29d |       -0.0002        |    +36.84  rfx||S11|-1|=-0.0002
[12:31:25.560911]   11.14 | 1.0005@ -83.37d | 1.0525@ +64.28d | 0.9971@ -74.78d | 1.0000@+174.30d |       +0.0005        |   +102.33  rfx||S11|-1|=+0.0005
[12:31:25.560914]   11.35 | 0.9999@-142.30d | 1.0694@+124.64d | 1.0002@-133.64d | 1.0000@ +50.13d |       -0.0001        |   +167.57  rfx||S11|-1|=-0.0001
[12:31:25.560917]   11.56 | 0.9987@+159.73d | 1.0792@-175.25d | 1.0020@+167.89d | 1.0000@ -72.88d |       -0.0013        |   -127.39  rfx||S11|-1|=-0.0013
[12:31:25.560920]   11.77 | 0.9982@+102.19d | 1.0778@-115.43d | 1.0007@+109.79d | 1.0000@+165.16d |       -0.0018        |    -62.97  rfx||S11|-1|=-0.0018
[12:31:25.560923]   11.98 | 0.9993@ +44.60d | 1.0604@ -56.05d | 0.9987@ +52.21d | 1.0000@ +44.17d |       -0.0007        |     +0.43  rfx||S11|-1|=-0.0007
[12:31:25.560926]   12.19 | 1.0011@ -12.98d | 1.0209@  +2.54d | 0.9984@  -4.75d | 1.0000@ -75.91d |       +0.0011        |    +62.93  rfx||S11|-1|=+0.0011
[12:31:25.560929]   12.40 | 1.0019@ -70.06d | 0.9549@ +59.45d | 0.9998@ -61.19d | 1.0000@+164.85d |       +0.0019        |   +125.09  rfx||S11|-1|=+0.0019
[12:31:25.560932] [summary pec_short S11 vs Palace_r_h2] |S|_diff: max=0.0020 mean=0.0010 | phase: max|d|=167.57d mean|d|=90.46d
[12:31:25.560935] [summary pec_short S11 |S11|=1 truth] max signed dev=0.0020 mean signed dev=-0.0007
[12:31:25.560938] 
[12:31:25.560941] [slab S11] |S|: max_diff=0.0141 mean_diff=0.0069 (gate 0.100)
[12:31:25.560944] [slab S11] ∠S: max_diff=8.94° mean_diff=6.81° (gate 60.0°) (|S|>=0.30, masked 13/21 nulls)
[12:31:25.560947] [slab S11] |S_rfx−S_ref|: max=0.0654 mean=0.0310 (gate 0.300)
[12:31:25.560950] 
[12:31:25.560953] [slab S21] |S|: max_diff=0.0023 mean_diff=0.0006 (gate 0.070)
[12:31:25.560956] [slab S21] ∠S: max_diff=0.76° mean_diff=0.35° (gate 60.0°) (|S|>=0.30, masked 0/21 nulls)
[12:31:25.560960] [slab S21] |S_rfx−S_ref|: max=0.0132 mean=0.0062 (gate 0.300)
[12:31:25.560967] 
[12:31:25.560970] [slab S11 (rfx vs conj(MEEP), time-convention corrected)] |S|: max_diff=0.0247 mean_diff=0.0143 (gate 0.050)
[12:31:25.560973] [slab S11 (rfx vs conj(MEEP), time-convention corrected)] ∠S: max_diff=7.89° mean_diff=3.21° (gate 10.0°) (|S|>=0.30, masked 13/21 nulls)
[12:31:25.560977] 
[12:31:25.560979] [slab S21 (rfx vs conj(MEEP), time-convention corrected)] |S|: max_diff=0.0070 mean_diff=0.0026 (gate 0.050)
[12:31:25.560982] [slab S21 (rfx vs conj(MEEP), time-convention corrected)] ∠S: max_diff=2.40° mean_diff=1.60° (gate 10.0°)
[12:31:25.560987] 
[12:31:25.560990] [4way slab S11] f_GHz |    rfx     |   MEEP_r4  | OpenEMS_r4 | Palace_r_h2 | |S|_diff(rfx-Palace) | phase_diff_deg(rfx-Palace)
[12:31:25.560993] -------------------------------------------------------------------------------------------------------------------------------
[12:31:25.560996]    8.20 | 0.5244@ -14.35d | 0.5359@  +6.46d | 0.5418@ -13.15d | 0.5437@+115.94d |       -0.0193        |   -130.29
[12:31:25.560999]    8.41 | 0.4969@ -52.13d | 0.5023@ +48.27d | 0.5063@ -54.33d | 0.5088@ +33.70d |       -0.0119        |    -85.83
[12:31:25.561002]    8.62 | 0.4836@ -91.96d | 0.4687@ +88.53d | 0.4728@ -93.79d | 0.4747@ -45.61d |       +0.0089        |    -46.35
[12:31:25.561005]    8.83 | 0.4445@-132.32d | 0.4359@+127.47d | 0.4409@-132.08d | 0.4410@-122.48d |       +0.0035        |     -9.83
[12:31:25.561008]    9.04 | 0.3937@-168.96d | 0.4041@+165.37d | 0.4090@-169.72d | 0.4074@+162.70d |       -0.0136        |    +28.34
[12:31:25.561012]    9.25 | 0.3629@+157.13d | 0.3728@-157.57d | 0.3754@+153.08d | 0.3737@ +89.65d |       -0.0108        |    +67.48
[12:31:25.561015]    9.46 | 0.3438@+121.48d | 0.3414@-121.21d | 0.3398@+116.51d | 0.3399@ +18.14d |       +0.0039        |   +103.34
[12:31:25.561018]    9.67 | 0.3115@ +84.11d | 0.3097@ -85.48d | 0.3036@ +80.88d | 0.3059@ -52.03d |       +0.0055        |   +136.14
[12:31:25.561021]    9.88 | 0.2657@ +48.62d | 0.2777@ -50.30d | 0.2686@ +46.31d | 0.2717@-121.01d |       -0.0061        |   +169.63
[12:31:25.561024]   10.09 | 0.2257@ +16.63d | 0.2453@ -15.63d | 0.2359@ +12.47d | 0.2374@+171.07d |       -0.0117        |   -154.44
[12:31:25.561029]   10.30 | 0.1984@ -15.09d | 0.2126@ +18.58d | 0.2042@ -21.25d | 0.2029@+104.10d |       -0.0045        |   -119.19
[12:31:25.561033]   10.51 | 0.1708@ -49.69d | 0.1797@ +52.34d | 0.1713@ -55.29d | 0.1685@ +37.99d |       +0.0023        |    -87.68
[12:31:25.561036]   10.72 | 0.1335@ -85.59d | 0.1467@ +85.69d | 0.1363@ -89.59d | 0.1342@ -27.33d |       -0.0007        |    -58.26
[12:31:25.561039]   10.93 | 0.0919@-118.79d | 0.1139@+118.63d | 0.0999@-123.68d | 0.1002@ -91.93d |       -0.0083        |    -26.86
[12:31:25.561042]   11.14 | 0.0565@-146.51d | 0.0812@+151.23d | 0.0643@-156.90d | 0.0667@-155.86d |       -0.0101        |     +9.36
[12:31:25.561045]   11.35 | 0.0282@-171.38d | 0.0488@-176.47d | 0.0309@+171.54d | 0.0336@+140.83d |       -0.0054        |    +47.80
[12:31:25.561048]   11.56 | 0.0018@ -60.86d | 0.0166@-144.31d | 0.0011@-104.98d | 0.0014@ +78.33d |       +0.0004        |   -139.19
[12:31:25.561051]   11.77 | 0.0358@ -58.80d | 0.0153@ +66.93d | 0.0307@ -74.54d | 0.0300@-164.15d |       +0.0057        |   +105.35
[12:31:25.561054]   11.98 | 0.0705@ -92.98d | 0.0468@ +98.62d | 0.0603@-104.44d | 0.0604@+134.15d |       +0.0100        |   +132.88
[12:31:25.561057]   12.19 | 0.1007@-126.38d | 0.0778@+129.93d | 0.0891@-134.69d | 0.0897@ +72.91d |       +0.0110        |   +160.70
[12:31:25.561067]   12.40 | 0.1268@-157.55d | 0.1080@+160.94d | 0.1166@-164.77d | 0.1177@ +12.12d |       +0.0091        |   -169.67
[12:31:25.561070] [summary slab S11 vs Palace_r_h2] |S|_diff: max=0.0193 mean=0.0078 | phase: max|d|=169.67d mean|d|=94.69d
[12:31:25.561073] 
[12:31:25.561076] [4way slab S21] f_GHz |    rfx     |   MEEP_r4  | OpenEMS_r4 | Palace_r_h2 | |S|_diff(rfx-Palace) | phase_diff_deg(rfx-Palace)
[12:31:25.561079] -------------------------------------------------------------------------------------------------------------------------------
[12:31:25.561082]    8.20 | 0.8437@ -51.35d | 0.8367@ +50.79d | 0.6878@ -99.17d | 0.8393@-154.06d |       +0.0044        |   +102.71
[12:31:25.561085]    8.41 | 0.8629@ -51.52d | 0.8587@ +50.68d | 0.4003@ -43.74d | 0.8609@+123.70d |       +0.0020        |   -175.23
Displayed last 197 lines of #369367260736.
[12:31:25.561088]    8.62 | 0.8806@ -51.66d | 0.8785@ +50.83d | 0.5806@-138.99d | 0.8801@ +44.39d |       +0.0005        |    -96.05
[12:31:25.561091]    8.83 | 0.8994@ -52.07d | 0.8962@ +51.18d | 1.0633@ -93.33d | 0.8975@ -32.48d |       +0.0019        |    -19.58
[12:31:25.561094]    9.04 | 0.9157@ -52.74d | 0.9119@ +51.69d | 0.9384@ -64.27d | 0.9133@-107.30d |       +0.0024        |    +54.56
[12:31:25.561097]    9.25 | 0.9287@ -53.52d | 0.9259@ +52.33d | 0.7014@ -58.55d | 0.9275@+179.65d |       +0.0012        |   +126.83
[12:31:25.561100]    9.46 | 0.9405@ -54.29d | 0.9385@ +53.06d | 0.6948@ -67.22d | 0.9404@+108.14d |       +0.0000        |   -162.43
[12:31:25.561103]    9.67 | 0.9528@ -55.16d | 0.9498@ +53.89d | 0.8293@ -64.73d | 0.9520@ +37.97d |       +0.0007        |    -93.13
[12:31:25.561106]    9.88 | 0.9638@ -56.20d | 0.9600@ +54.79d | 0.9011@ -55.18d | 0.9624@ -31.01d |       +0.0014        |    -25.19
[12:31:25.561109]   10.09 | 0.9726@ -57.32d | 0.9692@ +55.76d | 0.8715@ -47.67d | 0.9714@ -98.93d |       +0.0012        |    +41.61
[12:31:25.561112]   10.30 | 0.9796@ -58.46d | 0.9772@ +56.80d | 0.8281@ -47.71d | 0.9792@-165.90d |       +0.0005        |   +107.44
[12:31:25.561116]   10.51 | 0.9861@ -59.62d | 0.9840@ +57.90d | 0.8955@ -53.48d | 0.9857@+127.99d |       +0.0004        |   +172.39
[12:31:25.561119]   10.72 | 0.9916@ -60.84d | 0.9895@ +59.04d | 1.0934@ -56.32d | 0.9910@ +62.67d |       +0.0006        |   -123.51
[12:31:25.561123]   10.93 | 0.9956@ -62.11d | 0.9937@ +60.21d | 1.3015@ -55.64d | 0.9950@  -1.93d |       +0.0006        |    -60.18
[12:31:25.561126]   11.14 | 0.9982@ -63.39d | 0.9967@ +61.39d | 1.3549@ -57.70d | 0.9978@ -65.86d |       +0.0004        |     +2.47
[12:31:25.561129]   11.35 | 0.9996@ -64.68d | 0.9986@ +62.58d | 1.1470@ -67.65d | 0.9994@-129.19d |       +0.0001        |    +64.51
[12:31:25.561133]   11.56 | 1.0000@ -65.96d | 0.9997@ +63.77d | 0.8707@ -85.62d | 1.0000@+168.06d |       -0.0000        |   +125.97
[12:31:25.561136]   11.77 | 0.9993@ -67.25d | 1.0000@ +64.96d | 0.7773@ -97.66d | 0.9995@+105.85d |       -0.0003        |   -173.10
[12:31:25.561139]   11.98 | 0.9976@ -68.51d | 0.9994@ +66.17d | 0.7923@ -87.70d | 0.9982@ +44.14d |       -0.0006        |   -112.65
[12:31:25.561142]   12.19 | 0.9951@ -69.75d | 0.9978@ +67.38d | 0.8467@ -61.69d | 0.9960@ -17.10d |       -0.0008        |    -52.65
[12:31:25.561145]   12.40 | 0.9920@ -70.98d | 0.9948@ +68.58d | 0.9781@ -31.10d | 0.9930@ -77.90d |       -0.0010        |     +6.92
[12:31:25.561152] [summary slab S21 vs Palace_r_h2] |S|_diff: max=0.0044 mean=0.0010 | phase: max|d|=175.23d mean|d|=90.43d
[12:31:25.561356] [#931] realized PEC-short walls at [145.0, 146.0, 147.0] mm (506 PEC cells, 0 sheets); reflection plane 145.000 mm == declared 145.000 mm
[12:31:25.561362] 
[12:31:25.561366] [pec-short S11 (rfx vs conj(MEEP), time-convention corrected)] |S|: max_diff=0.1992 mean_diff=0.0565 (gate 0.050)
[12:31:25.561369] [pec-short S11 (rfx vs conj(MEEP), time-convention corrected)] ∠S: max_diff=21.68° mean_diff=17.55° (gate 10.0°)
[12:31:25.561372] 
[12:31:25.561375] ============================================================
[12:31:25.561378] CROSSVAL-11 PASS — all geometries within accept gate.
[12:31:25.561473] + echo 'CV11_REFRESH_COMMIT=8206031de9923dfaddc17f7060def466a7906915 RC=0 OUT=/root/workspace/byungkwan-workspace/research/rfx-cv11-refresh-8206031de992'
[12:31:25.561477] + exit 0
[12:31:25.561483] CV11_REFRESH_COMMIT=8206031de9923dfaddc17f7060def466a7906915 RC=0 OUT=/root/workspace/byungkwan-workspace/research/rfx-cv11-refresh-8206031de992
[12:31:25.580337] workload reported done
[12:31:25.580437] Workload status changed to stopping
[12:31:33.099972] + set +x
[12:31:38.000000] Stopping container vops-sidecar
[12:31:38.000000] Stopping container run-sidecar
[12:31:38.000000] Stopping container run-exec
[12:31:38.000000] Terminating VESSL Workload...
[12:31:38.000000] Stopping container ttyd-sidecar
[12:31:38.000000] Stopping container fluentbit
[12:31:38.123826] workload reported done
[12:31:38.123926] Workload status changed to waitToBeKilled
[12:31:38.733911] workload completed
[12:31:38.734011] Workload status changed to completed
