Organization: remilab
Project: byungkwan
[12:14:23.254422] workload awaiting to start
[12:14:23.254522] Workload status changed to pending
[12:14:29.588149] Event Reason: FailedScheduling, Event Note: 0/14 nodes are available: pod has unbound immediate PersistentVolumeClaims. preemption: 0/14 nodes are available: 14 Preemption is not helpful for scheduling.
[12:14:29.588149] Workload is in queue for scheduling. Please wait...
[12:14:33.600538] VESSL Workload assigned successfully. Starting soon.
[12:14:34.000000] Container image "quay.io/vessl-ai/kernels-toolbox:0.1.188" already present on machine
[12:14:34.000000] Created container vops-init
[12:14:34.000000] Started container vops-init
[12:14:35.000000] Creating VESSL Workload...
[12:14:35.000000] Created container run-exec
[12:14:35.000000] Started container run-exec
[12:14:35.000000] Container image "ghcr.io/bk-squared/rfx-openems:5b423bdfe0c8" already present on machine
[12:14:35.000000] Container image "quay.io/vessl-ai/sidecar:v0.0.3" already present on machine
[12:14:35.000000] Created container run-sidecar
[12:14:35.001000] Container image "ghcr.io/bk-squared/rfx-openems:5b423bdfe0c8" already present on machine
[12:14:36.000000] Created container vops-sidecar
[12:14:36.000000] Created container ttyd-sidecar
[12:14:36.000000] Started container vops-sidecar
[12:14:36.000000] Container image "quay.io/vessl-ai/kernels-toolbox:0.1.188" already present on machine
[12:14:36.000000] Created container fluentbit
[12:14:36.000000] Started container ttyd-sidecar
[12:14:36.000000] Container image "quay.io/vessl-ai/fluent-bit:2.1.6" already present on machine
[12:14:36.309651] Installing VESSL CLI...
[12:14:37.126728] workload reported alive as pod run-execution-ro47ah7sr6mh-0
[12:14:37.126828] Workload status changed to initializing
[12:14:38.218390] + set +x
[12:14:43.137812] vessl, version 0.1.199
[12:14:48.255279] workload reported alive as pod run-execution-ro47ah7sr6mh-0
[12:14:48.255379] Workload status changed to running
[12:14:48.350866] + mkdir -p /root
[12:14:48.351982] + cd /root
[12:14:48.352363] + set -u
[12:14:48.352384] + COMMIT=3fa534d17c35463fc5e0082bc9159eaec1ec5b37
[12:14:48.352394] + REPO=/tmp/rfx-cv11-3fa534d17c35
[12:14:48.352407] + OUT=/root/workspace/byungkwan-workspace/research/rfx-cv11-refresh-3fa534d17c35
[12:14:48.352414] + rm -rf /tmp/rfx-cv11-3fa534d17c35
[12:14:48.353796] + mkdir -p /root/workspace/byungkwan-workspace/research/rfx-cv11-refresh-3fa534d17c35
[12:14:48.362560] === cv11 refresh on exact origin/main ===
[12:14:48.362579] + echo '=== cv11 refresh on exact origin/main ==='
[12:14:48.362594] + date -u
[12:14:48.363730] Sun Sep 13 12:14:48 UTC 2026
[12:14:48.363951] + git clone --quiet https://github.com/bk-squared/rfx.git /tmp/rfx-cv11-3fa534d17c35
[12:15:07.276581] + git -C /tmp/rfx-cv11-3fa534d17c35 checkout --quiet 3fa534d17c35463fc5e0082bc9159eaec1ec5b37
[12:15:07.463473] + tee /root/workspace/byungkwan-workspace/research/rfx-cv11-refresh-3fa534d17c35/commit.txt
[12:15:07.463492] + git -C /tmp/rfx-cv11-3fa534d17c35 rev-parse HEAD
[12:15:07.465769] 3fa534d17c35463fc5e0082bc9159eaec1ec5b37
[12:15:07.467746] + git -C /tmp/rfx-cv11-3fa534d17c35 status --short
[12:15:07.467771] + tee /root/workspace/byungkwan-workspace/research/rfx-cv11-refresh-3fa534d17c35/checkout_status.txt
[12:15:07.642334] + PY=python
[12:15:07.642352] + command -v python
[12:15:07.642364] + python -m pip install -q 'jax[cpu]==0.6.2' 'numpy<2' 'scipy>=1.11' 'h5py>=3.8' 'matplotlib>=3.7'
[12:15:12.683655] WARNING: Running pip as the 'root' user can result in broken permissions and conflicting behaviour with the system package manager, possibly rendering your system unusable. It is recommended to use a virtual environment instead: https://pip.pypa.io/warnings/venv. Use the --root-user-action option if you know what you are doing and want to suppress this warning.
[12:15:12.738387] + export 'RFX_REPO_ROOT=/tmp/rfx-cv11-3fa534d17c35'
[12:15:12.738412] + export 'PYTHONPATH=/tmp/rfx-cv11-3fa534d17c35'
[12:15:12.738420] + export 'MPLBACKEND=Agg'
[12:15:12.738426] + python -c 'import jax, rfx, os; print('"'"'probe jax'"'"', jax.__version__, jax.default_backend(), '"'"'rfx'"'"', getattr(rfx, '"'"'__version__'"'"', '"'"'?'"'"'), '"'"'from'"'"', os.path.dirname(rfx.__file__))'
[12:15:12.738510] + tee /root/workspace/byungkwan-workspace/research/rfx-cv11-refresh-3fa534d17c35/dependency_probe.txt
[12:15:13.731294] probe jax 0.6.2 cpu rfx 1.8.0 from /tmp/rfx-cv11-3fa534d17c35/rfx
[12:15:13.866393] + set +e
[12:15:13.867451] + timeout 7200 python -u /tmp/rfx-cv11-3fa534d17c35/validation/crossval/11_waveguide_port_wr90.py
[12:16:40.164937] + RC=1
[12:16:40.164963] + set -e
[12:16:40.165124] + echo 1
[12:16:40.165144] + tee /root/workspace/byungkwan-workspace/research/rfx-cv11-refresh-3fa534d17c35/cv11.rc
[12:16:40.170975] 1
[12:16:40.172838] + tail -n 120 /root/workspace/byungkwan-workspace/research/rfx-cv11-refresh-3fa534d17c35/cv11.stdout
[12:16:40.174459]   10.30 | 1.0000@  -0.00d | 1.0000@  +0.00d | 1.0000@  -0.00d | 1.0000@-107.66d |       +0.0000        |   +107.66
[12:16:40.174468]   10.51 | 1.0000@  -0.00d | 1.0000@  -0.00d | 1.0000@  -0.00d | 1.0000@-172.62d |       +0.0000        |   +172.62
[12:16:40.174484]   10.72 | 1.0000@  +0.00d | 1.0000@  -0.00d | 1.0000@  +0.00d | 1.0000@+123.24d |       +0.0000        |   -123.24
[12:16:40.174490]   10.93 | 1.0000@  -0.00d | 1.0000@  +0.00d | 1.0000@  +0.00d | 1.0000@ +59.86d |       +0.0000        |    -59.86
[12:16:40.174496]   11.14 | 1.0000@  -0.00d | 1.0000@  +0.00d | 1.0000@  -0.00d | 1.0000@  -2.85d |       +0.0000        |     +2.85
[12:16:40.174501]   11.35 | 1.0000@  -0.00d | 1.0000@  -0.00d | 1.0000@  -0.00d | 1.0000@ -64.93d |       +0.0000        |    +64.93
[12:16:40.174505]   11.56 | 1.0000@  -0.00d | 1.0000@  -0.00d | 1.0000@  -0.00d | 1.0000@-126.44d |       +0.0000        |   +126.44
[12:16:40.174509]   11.77 | 1.0000@  -0.00d | 1.0000@  +0.00d | 1.0000@  +0.00d | 1.0000@+172.58d |       +0.0000        |   -172.58
[12:16:40.174513]   11.98 | 1.0000@  +0.00d | 1.0000@  -0.00d | 1.0000@  +0.00d | 1.0000@+112.09d |       -0.0000        |   -112.09
[12:16:40.174517]   12.19 | 1.0000@  -0.00d | 1.0000@  -0.00d | 1.0000@  -0.00d | 1.0000@ +52.05d |       -0.0000        |    -52.05
[12:16:40.174522]   12.40 | 1.0000@  +0.00d | 1.0000@  -0.00d | 1.0000@  -0.00d | 1.0000@  -7.57d |       +0.0000        |     +7.57
[12:16:40.174526] [summary empty S21 vs Palace_r_h2] |S|_diff: max=0.0000 mean=0.0000 | phase: max|d|=175.26d mean|d|=90.45d
[12:16:40.174533] [#931] realized PEC-short walls at [145.0, 146.0, 147.0] mm (506 PEC cells, 0 sheets); reflection plane 145.000 mm == declared 145.000 mm
[12:16:40.174540] /tmp/rfx-cv11-3fa534d17c35/validation/crossval/11_waveguide_port_wr90.py:661: UserWarning: compute_waveguide_s_matrix(normalize=False): S21 and S-parameter phase include Yee numerical dispersion. For S21 accuracy and reciprocity use normalize=True. For |S11| of strong reflectors (PEC short, resonators) normalize=False is more accurate — see the normalize parameter docstring.
[12:16:40.174546]   result = sim.compute_waveguide_s_matrix(
[12:16:40.174550] 
[12:16:40.174554] [pec-short |S11|] |S|: max_diff=0.0020 mean_diff=0.0010 (gate 0.050)
[12:16:40.174558] [pec-short |S11|] ∠S: max_diff=0.00° mean_diff=0.00° (gate 180.0°)
[12:16:40.174562] 
[12:16:40.174566] [pec-short S11 round-trip phase] |S|: max_diff=0.0020 mean_diff=0.0010 (gate 0.100)
[12:16:40.174571] [pec-short S11 round-trip phase] ∠S: max_diff=3.26° mean_diff=1.45° (gate 15.0°)
[12:16:40.174575] [pec-short |S11| per-freq] per-freq band [0.930, 1.070]: min=0.9980 max=1.0019 violations=0/21 -> PASS
[12:16:40.174579] [pec-short |S11| per-freq] passivity ceiling max|S| <= 1.05: max=1.0019 -> PASS
[12:16:40.174582] 
[12:16:40.174587] [4way pec_short S11] f_GHz |    rfx     |   MEEP_r4  | OpenEMS_r4 | Palace_r_h2 | |S|_diff(rfx-Palace) | phase_diff_deg(rfx-Palace)
[12:16:40.174591] ------------------------------------------------------------------------------------------------------------------------------------
[12:16:40.174595]    8.20 | 0.9994@+123.66d | 1.1985@-138.43d | 0.9977@+136.71d | 1.0000@ -25.05d |       -0.0006        |   +148.71  rfx||S11|-1|=-0.0006
[12:16:40.174599]    8.41 | 0.9980@ +46.74d | 1.0910@ -62.74d | 0.9957@ +58.44d | 1.0000@+170.53d |       -0.0020        |   -123.79  rfx||S11|-1|=-0.0020
[12:16:40.174603]    8.62 | 0.9984@ -27.74d | 1.0212@ +10.66d | 1.0006@ -16.53d | 1.0000@ +12.38d |       -0.0016        |    -40.11  rfx||S11|-1|=-0.0016
[12:16:40.174607]    8.83 | 0.9997@-100.22d | 0.9767@ +81.87d | 1.0040@ -89.13d | 1.0000@-140.56d |       -0.0003        |    +40.34  rfx||S11|-1|=-0.0003
[12:16:40.174621]    9.04 | 0.9999@-170.46d | 0.9499@+151.17d | 1.0009@-159.91d | 1.0000@ +70.92d |       -0.0001        |   +118.62  rfx||S11|-1|=-0.0001
[12:16:40.174625]    9.25 | 0.9988@+121.50d | 0.9356@-141.16d | 0.9985@+131.30d | 1.0000@ -73.80d |       -0.0012        |   -164.69  rfx||S11|-1|=-0.0012
[12:16:40.174629]    9.46 | 0.9981@ +55.01d | 0.9303@ -74.90d | 1.0016@ +64.23d | 1.0000@+144.76d |       -0.0019        |    -89.75  rfx||S11|-1|=-0.0019
[12:16:40.174633]    9.67 | 0.9988@ -10.61d | 0.9321@  -9.86d | 1.0035@  -1.65d | 1.0000@  +6.19d |       -0.0012        |    -16.80  rfx||S11|-1|=-0.0012
[12:16:40.174637]    9.88 | 0.9999@ -75.39d | 0.9398@ +54.13d | 0.9996@ -66.44d | 1.0000@-129.83d |       -0.0001        |    +54.44  rfx||S11|-1|=-0.0001
[12:16:40.174641]   10.09 | 1.0000@-138.93d | 0.9524@+117.25d | 0.9959@-129.93d | 1.0000@ +96.41d |       -0.0000        |   +124.65  rfx||S11|-1|=-0.0000
[12:16:40.174650]   10.30 | 0.9990@+158.93d | 0.9690@+179.66d | 0.9977@+167.68d | 1.0000@ -35.32d |       -0.0010        |   -165.75  rfx||S11|-1|=-0.0010
[12:16:40.174656]   10.51 | 0.9982@ +97.79d | 0.9885@-118.54d | 1.0009@+106.01d | 1.0000@-165.24d |       -0.0018        |    -96.97  rfx||S11|-1|=-0.0018
[12:16:40.174662]   10.72 | 0.9986@ +37.06d | 1.0098@ -57.23d | 1.0000@ +44.96d | 1.0000@ +66.49d |       -0.0014        |    -29.42  rfx||S11|-1|=-0.0014
[12:16:40.174666]   10.93 | 0.9998@ -23.45d | 1.0317@  +3.68d | 0.9970@ -15.32d | 1.0000@ -60.29d |       -0.0002        |    +36.84  rfx||S11|-1|=-0.0002
[12:16:40.174670]   11.14 | 1.0005@ -83.37d | 1.0525@ +64.28d | 0.9971@ -74.78d | 1.0000@+174.30d |       +0.0005        |   +102.33  rfx||S11|-1|=+0.0005
[12:16:40.174674]   11.35 | 0.9999@-142.30d | 1.0694@+124.64d | 1.0002@-133.64d | 1.0000@ +50.13d |       -0.0001        |   +167.57  rfx||S11|-1|=-0.0001
[12:16:40.174678]   11.56 | 0.9987@+159.73d | 1.0792@-175.25d | 1.0020@+167.89d | 1.0000@ -72.88d |       -0.0013        |   -127.39  rfx||S11|-1|=-0.0013
[12:16:40.174682]   11.77 | 0.9982@+102.19d | 1.0778@-115.43d | 1.0007@+109.79d | 1.0000@+165.16d |       -0.0018        |    -62.97  rfx||S11|-1|=-0.0018
[12:16:40.174688]   11.98 | 0.9993@ +44.60d | 1.0604@ -56.05d | 0.9987@ +52.21d | 1.0000@ +44.17d |       -0.0007        |     +0.43  rfx||S11|-1|=-0.0007
[12:16:40.174694]   12.19 | 1.0011@ -12.98d | 1.0209@  +2.54d | 0.9984@  -4.75d | 1.0000@ -75.91d |       +0.0011        |    +62.93  rfx||S11|-1|=+0.0011
[12:16:40.174698]   12.40 | 1.0019@ -70.06d | 0.9549@ +59.45d | 0.9998@ -61.19d | 1.0000@+164.85d |       +0.0019        |   +125.09  rfx||S11|-1|=+0.0019
[12:16:40.174702] [summary pec_short S11 vs Palace_r_h2] |S|_diff: max=0.0020 mean=0.0010 | phase: max|d|=167.57d mean|d|=90.46d
[12:16:40.174706] [summary pec_short S11 |S11|=1 truth] max signed dev=0.0020 mean signed dev=-0.0007
[12:16:40.174710] 
[12:16:40.174714] [slab S11] |S|: max_diff=0.1487 mean_diff=0.1029 (gate 0.100)
[12:16:40.174718] [slab S11] ∠S: max_diff=8.79° mean_diff=6.08° (gate 60.0°) (|S|>=0.30, masked 13/21 nulls)
[12:16:40.174722] [slab S11] |S_rfx−S_ref|: max=0.1536 mean=0.1225 (gate 0.300)
[12:16:40.174726] 
[12:16:40.174730] [slab S21] |S|: max_diff=0.0323 mean_diff=0.0209 (gate 0.070)
[12:16:40.174734] [slab S21] ∠S: max_diff=8.95° mean_diff=7.48° (gate 60.0°) (|S|>=0.30, masked 0/21 nulls)
[12:16:40.174738] [slab S21] |S_rfx−S_ref|: max=0.1556 mean=0.1290 (gate 0.300)
[12:16:40.174748] 
[12:16:40.174752] [slab S11 (rfx vs conj(MEEP), time-convention corrected)] |S|: max_diff=0.1636 mean_diff=0.1075 (gate 0.050)
[12:16:40.174756] [slab S11 (rfx vs conj(MEEP), time-convention corrected)] ∠S: max_diff=18.58° mean_diff=16.03° (gate 10.0°) (|S|>=0.30, masked 13/21 nulls)
[12:16:40.174761] 
[12:16:40.174767] [slab S21 (rfx vs conj(MEEP), time-convention corrected)] |S|: max_diff=0.0357 mean_diff=0.0233 (gate 0.050)
[12:16:40.174772] [slab S21 (rfx vs conj(MEEP), time-convention corrected)] ∠S: max_diff=10.61° mean_diff=8.72° (gate 10.0°)
[12:16:40.174776] 
[12:16:40.174780] [4way slab S11] f_GHz |    rfx     |   MEEP_r4  | OpenEMS_r4 | Palace_r_h2 | |S|_diff(rfx-Palace) | phase_diff_deg(rfx-Palace)
[12:16:40.174784] -------------------------------------------------------------------------------------------------------------------------------
[12:16:40.174788]    8.20 | 0.4777@ -25.03d | 0.5359@  +6.46d | 0.5418@ -13.15d | 0.5437@+115.94d |       -0.0659        |   -140.97
[12:16:40.174793]    8.41 | 0.4396@ -62.96d | 0.5023@ +48.27d | 0.5063@ -54.33d | 0.5088@ +33.70d |       -0.0692        |    -96.66
[12:16:40.174797]    8.62 | 0.4194@-103.43d | 0.4687@ +88.53d | 0.4728@ -93.79d | 0.4747@ -45.61d |       -0.0553        |    -57.82
[12:16:40.174803]    8.83 | 0.3721@-145.28d | 0.4359@+127.47d | 0.4409@-132.08d | 0.4410@-122.48d |       -0.0689        |    -22.80
[12:16:40.174808]    9.04 | 0.3099@+177.04d | 0.4041@+165.37d | 0.4090@-169.72d | 0.4074@+162.70d |       -0.0975        |    +14.34
[12:16:40.174812]    9.25 | 0.2678@+143.49d | 0.3728@-157.57d | 0.3754@+153.08d | 0.3737@ +89.65d |       -0.1059        |    +53.84
[12:16:40.174816]    9.46 | 0.2411@+107.68d | 0.3414@-121.21d | 0.3398@+116.51d | 0.3399@ +18.14d |       -0.0988        |    +89.54
[12:16:40.174820]    9.67 | 0.2021@ +68.39d | 0.3097@ -85.48d | 0.3036@ +80.88d | 0.3059@ -52.03d |       -0.1039        |   +120.42
[12:16:40.174824]    9.88 | 0.1482@ +30.58d | 0.2777@ -50.30d | 0.2686@ +46.31d | 0.2717@-121.01d |       -0.1235        |   +151.59
[12:16:40.174828]   10.09 | 0.0990@  -0.55d | 0.2453@ -15.63d | 0.2359@ +12.47d | 0.2374@+171.07d |       -0.1383        |   -171.62
[12:16:40.174840]   10.30 | 0.0654@ -27.64d | 0.2126@ +18.58d | 0.2042@ -21.25d | 0.2029@+104.10d |       -0.1376        |   -131.74
[12:16:40.174846]   10.51 | 0.0338@ -61.88d | 0.1797@ +52.34d | 0.1713@ -55.29d | 0.1685@ +37.99d |       -0.1347        |    -99.87
[12:16:40.174851]   10.72 | 0.0080@+112.88d | 0.1467@ +85.69d | 0.1363@ -89.59d | 0.1342@ -27.33d |       -0.1262        |   +140.21
[12:16:40.174855]   10.93 | 0.0517@ +51.04d | 0.1139@+118.63d | 0.0999@-123.68d | 0.1002@ -91.93d |       -0.0485        |   +142.97
[12:16:40.174859]   11.14 | 0.0896@ +11.89d | 0.0812@+151.23d | 0.0643@-156.90d | 0.0667@-155.86d |       +0.0230        |   +167.75
[12:16:40.174863]   11.35 | 0.1191@ -22.08d | 0.0488@-176.47d | 0.0309@+171.54d | 0.0336@+140.83d |       +0.0854        |   -162.91
[12:16:40.174867]   11.56 | 0.1468@ -52.55d | 0.0166@-144.31d | 0.0011@-104.98d | 0.0014@ +78.33d |       +0.1455        |   -130.89
[12:16:40.174871]   11.77 | 0.1783@ -82.79d | 0.0153@ +66.93d | 0.0307@ -74.54d | 0.0300@-164.15d |       +0.1483        |    +81.36
[12:16:40.174875]   11.98 | 0.2104@-114.37d | 0.0468@ +98.62d | 0.0603@-104.44d | 0.0604@+134.15d |       +0.1500        |   +111.48
[12:16:40.174879]   12.19 | 0.2376@-146.45d | 0.0778@+129.93d | 0.0891@-134.69d | 0.0897@ +72.91d |       +0.1479        |   +140.64
[12:16:40.174890]   12.40 | 0.2591@-177.78d | 0.1080@+160.94d | 0.1166@-164.77d | 0.1177@ +12.12d |       +0.1414        |   +170.10
[12:16:40.174894] [summary slab S11 vs Palace_r_h2] |S|_diff: max=0.1500 mean=0.1055 | phase: max|d|=171.62d mean|d|=114.26d
[12:16:40.174898] 
[12:16:40.174903] [4way slab S21] f_GHz |    rfx     |   MEEP_r4  | OpenEMS_r4 | Palace_r_h2 | |S|_diff(rfx-Palace) | phase_diff_deg(rfx-Palace)
Displayed last 200 lines of #369367260733.
[12:16:40.174907] -------------------------------------------------------------------------------------------------------------------------------
[12:16:40.174911]    8.20 | 0.8705@ -55.70d | 0.8367@ +50.79d | 0.6878@ -99.17d | 0.8393@-154.06d |       +0.0312        |    +98.36
[12:16:40.174915]    8.41 | 0.8932@ -56.18d | 0.8587@ +50.68d | 0.4003@ -43.74d | 0.8609@+123.70d |       +0.0323        |   -179.88
[12:16:40.174919]    8.62 | 0.9133@ -56.77d | 0.8785@ +50.83d | 0.5806@-138.99d | 0.8801@ +44.39d |       +0.0331        |   -101.16
[12:16:40.174923]    8.83 | 0.9318@ -57.59d | 0.8962@ +51.18d | 1.0633@ -93.33d | 0.8975@ -32.48d |       +0.0343        |    -25.10
[12:16:40.174927]    9.04 | 0.9475@ -58.57d | 0.9119@ +51.69d | 0.9384@ -64.27d | 0.9133@-107.30d |       +0.0343        |    +48.73
[12:16:40.174931]    9.25 | 0.9607@ -59.67d | 0.9259@ +52.33d | 0.7014@ -58.55d | 0.9275@+179.65d |       +0.0332        |   +120.68
[12:16:40.174935]    9.46 | 0.9718@ -60.83d | 0.9385@ +53.06d | 0.6948@ -67.22d | 0.9404@+108.14d |       +0.0313        |   -168.97
[12:16:40.174939]    9.67 | 0.9814@ -62.08d | 0.9498@ +53.89d | 0.8293@ -64.73d | 0.9520@ +37.97d |       +0.0294        |   -100.05
[12:16:40.174943]    9.88 | 0.9888@ -63.41d | 0.9600@ +54.79d | 0.9011@ -55.18d | 0.9624@ -31.01d |       +0.0264        |    -32.40
[12:16:40.174948]   10.09 | 0.9942@ -64.78d | 0.9692@ +55.76d | 0.8715@ -47.67d | 0.9714@ -98.93d |       +0.0228        |    +34.16
[12:16:40.174952]   10.30 | 0.9977@ -66.17d | 0.9772@ +56.80d | 0.8281@ -47.71d | 0.9792@-165.90d |       +0.0185        |    +99.73
[12:16:40.174956]   10.51 | 0.9996@ -67.56d | 0.9840@ +57.90d | 0.8955@ -53.48d | 0.9857@+127.99d |       +0.0139        |   +164.45
[12:16:40.174960]   10.72 | 0.9999@ -68.96d | 0.9895@ +59.04d | 1.0934@ -56.32d | 0.9910@ +62.67d |       +0.0090        |   -131.63
[12:16:40.174964]   10.93 | 0.9988@ -70.34d | 0.9937@ +60.21d | 1.3015@ -55.64d | 0.9950@  -1.93d |       +0.0038        |    -68.42
[12:16:40.174968]   11.14 | 0.9964@ -71.70d | 0.9967@ +61.39d | 1.3549@ -57.70d | 0.9978@ -65.86d |       -0.0013        |     -5.84
[12:16:40.174972]   11.35 | 0.9930@ -73.03d | 0.9986@ +62.58d | 1.1470@ -67.65d | 0.9994@-129.19d |       -0.0064        |    +56.15
[12:16:40.174976]   11.56 | 0.9886@ -74.33d | 0.9997@ +63.77d | 0.8707@ -85.62d | 1.0000@+168.06d |       -0.0114        |   +117.61
[12:16:40.174980]   11.77 | 0.9835@ -75.58d | 1.0000@ +64.96d | 0.7773@ -97.66d | 0.9995@+105.85d |       -0.0161        |   +178.57
[12:16:40.174992]   11.98 | 0.9779@ -76.77d | 0.9994@ +66.17d | 0.7923@ -87.70d | 0.9982@ +44.14d |       -0.0203        |   -120.91
[12:16:40.174997]   12.19 | 0.9720@ -77.92d | 0.9978@ +67.38d | 0.8467@ -61.69d | 0.9960@ -17.10d |       -0.0240        |    -60.82
[12:16:40.175001]   12.40 | 0.9660@ -79.02d | 0.9948@ +68.58d | 0.9781@ -31.10d | 0.9930@ -77.90d |       -0.0270        |     -1.12
[12:16:40.175011] [summary slab S21 vs Palace_r_h2] |S|_diff: max=0.0343 mean=0.0219 | phase: max|d|=179.88d mean|d|=91.18d
[12:16:40.175028] [#931] realized PEC-short walls at [145.0, 146.0, 147.0] mm (506 PEC cells, 0 sheets); reflection plane 145.000 mm == declared 145.000 mm
[12:16:40.175035] 
[12:16:40.175039] [pec-short S11 (rfx vs conj(MEEP), time-convention corrected)] |S|: max_diff=0.1992 mean_diff=0.0565 (gate 0.050)
[12:16:40.175043] [pec-short S11 (rfx vs conj(MEEP), time-convention corrected)] ∠S: max_diff=21.68° mean_diff=17.55° (gate 10.0°)
[12:16:40.175047] 
[12:16:40.175051] ============================================================
[12:16:40.175055] CROSSVAL-11 FAIL — at least one geometry outside gate.
[12:16:40.175186] + echo 'CV11_REFRESH_COMMIT=3fa534d17c35463fc5e0082bc9159eaec1ec5b37 RC=1 OUT=/root/workspace/byungkwan-workspace/research/rfx-cv11-refresh-3fa534d17c35'
[12:16:40.175188] CV11_REFRESH_COMMIT=3fa534d17c35463fc5e0082bc9159eaec1ec5b37 RC=1 OUT=/root/workspace/byungkwan-workspace/research/rfx-cv11-refresh-3fa534d17c35
[12:16:40.175193] + exit 1
[12:16:40.194858] workload reported done
[12:16:40.194958] Workload status changed to stopping
[12:16:48.405857] workload reported done
[12:16:48.405957] Workload status changed to waitToBeKilled
[12:16:50.000000] Stopping container vops-sidecar
[12:16:50.000000] Stopping container run-exec
[12:16:50.000000] Terminating VESSL Workload...
[12:16:50.000000] Stopping container ttyd-sidecar
[12:16:50.000000] Stopping container fluentbit
[12:16:50.783799] workload failed
[12:16:50.783899] Workload status changed to failed
