
=== comparator_dx50um  (dx = 5e-05, COMPARATOR) ===
  Re Z_lumped = 50.0000 ohm (pinned Feed_R); Re Z_msl = 60.6626 .. 61.3040 ohm (openEMS MSLPort.ZL -- the independent witness)
   f[GHz]   ReZmsl   |S21|    |S12|   |S21n|   |S12n|   ratio_raw   ratio_new(=drift)   bal_raw  bal_renorm
    0.500   60.663  1.10719  0.90111  1.00519  0.99255    1.22870        1.01273       1.22608     1.01061
    0.600   60.807  1.10885  0.90130  1.00550  0.99394    1.23028        1.01163       1.22985     1.01133
    0.700   61.056  1.11156  0.90061  1.00590  0.99521    1.23423        1.01074       1.23597     1.01224
    0.800   61.239  1.11361  0.90000  1.00624  0.99603    1.23735        1.01026       1.24066     1.01305
    0.900   61.304  1.11446  0.89987  1.00648  0.99641    1.23846        1.01010       1.24269     1.01367
    1.000   61.281  1.11442  0.90018  1.00663  0.99657    1.23800        1.01010       1.24280     1.01417
    1.100   61.227  1.11407  0.90067  1.00675  0.99667    1.23693        1.01011       1.24221     1.01462
    1.200   61.179  1.11374  0.90111  1.00686  0.99677    1.23596        1.01012       1.24173     1.01508
    1.300   61.147  1.11354  0.90137  1.00694  0.99679    1.23540        1.01019       1.24154     1.01550
    1.400   61.126  1.11341  0.90138  1.00699  0.99663    1.23522        1.01039       1.24151     1.01587
    1.500   61.112  1.11328  0.90117  1.00699  0.99629    1.23538        1.01075       1.24152     1.01616
    1.600   61.105  1.11319  0.90079  1.00697  0.99582    1.23579        1.01120       1.24161     1.01640
    1.700   61.107  1.11318  0.90034  1.00694  0.99533    1.23640        1.01167       1.24188     1.01665
    1.750   61.111  1.11321  0.90011  1.00694  0.99511    1.23675        1.01188       1.24210     1.01678
    1.800   61.118  1.11327  0.89990  1.00694  0.99493    1.23711        1.01207       1.24239     1.01694
    1.900   61.133  1.11346  0.89953  1.00698  0.99465    1.23783        1.01240       1.24311     1.01732
    2.000   61.151  1.11373  0.89926  1.00708  0.99449    1.23850        1.01265       1.24400     1.01781
    2.100   61.168  1.11406  0.89908  1.00723  0.99444    1.23911        1.01287       1.24503     1.01842
    2.200   61.184  1.11444  0.89898  1.00744  0.99445    1.23967        1.01306       1.24619     1.01916
    2.300   61.198  1.11485  0.89894  1.00770  0.99453    1.24018        1.01324       1.24744     1.02001
    2.400   61.209  1.11527  0.89898  1.00799  0.99465    1.24059        1.01341       1.24872     1.02095
    2.500   61.213  1.11566  0.89907  1.00831  0.99479    1.24090        1.01359       1.24997     1.02196
    2.600   61.212  1.11603  0.89921  1.00865  0.99494    1.24112        1.01378       1.25117     1.02302
    2.700   61.208  1.11638  0.89937  1.00901  0.99508    1.24129        1.01400       1.25236     1.02415
    2.800   61.202  1.11674  0.89952  1.00938  0.99519    1.24149        1.01426       1.25358     1.02532
    2.900   61.196  1.11712  0.89965  1.00977  0.99530    1.24173        1.01454       1.25487     1.02654
    3.000   61.189  1.11750  0.89978  1.01017  0.99538    1.24198        1.01486       1.25617     1.02781
    3.100   61.178  1.11785  0.89989  1.01058  0.99541    1.24220        1.01524       1.25742     1.02910
    3.200   61.161  1.11815  0.89999  1.01099  0.99538    1.24240        1.01568       1.25857     1.03041
    3.250   61.151  1.11828  0.90003  1.01120  0.99534    1.24250        1.01593       1.25911     1.03108
    3.300   61.140  1.11841  0.90005  1.01141  0.99528    1.24261        1.01621       1.25965     1.03174
    3.400   61.119  1.11868  0.90005  1.01182  0.99511    1.24291        1.01680       1.26076     1.03309
    3.500   61.102  1.11900  0.90000  1.01224  0.99491    1.24333        1.01742       1.26198     1.03447
    3.600   61.089  1.11936  0.89992  1.01268  0.99472    1.24385        1.01806       1.26332     1.03588
    3.700   61.077  1.11975  0.89983  1.01313  0.99452    1.24440        1.01871       1.26471     1.03732
    3.800   61.062  1.12011  0.89972  1.01359  0.99428    1.24495        1.01942       1.26606     1.03877
    3.900   61.041  1.12043  0.89959  1.01405  0.99396    1.24549        1.02021       1.26731     1.04024
    4.000   61.017  1.12072  0.89940  1.01451  0.99356    1.24608        1.02109       1.26851     1.04172
    4.100   60.996  1.12105  0.89916  1.01498  0.99312    1.24677        1.02201       1.26976     1.04320
    4.200   60.981  1.12144  0.89891  1.01547  0.99272    1.24756        1.02291       1.27117     1.04471
    4.300   60.973  1.12193  0.89867  1.01597  0.99240    1.24842        1.02375       1.27277     1.04625
    4.400   60.970  1.12248  0.89846  1.01650  0.99214    1.24934        1.02456       1.27453     1.04783
    4.500   60.969  1.12308  0.89824  1.01705  0.99189    1.25031        1.02537       1.27637     1.04945
    4.600   60.967  1.12370  0.89798  1.01762  0.99159    1.25136        1.02625       1.27825     1.05110
    4.700   60.967  1.12434  0.89767  1.01821  0.99124    1.25251        1.02721       1.28017     1.05277
    4.800   60.968  1.12502  0.89733  1.01882  0.99088    1.25374        1.02820       1.28215     1.05447
    4.900   60.968  1.12572  0.89701  1.01945  0.99052    1.25497        1.02920       1.28416     1.05618
    5.000   60.964  1.12640  0.89671  1.02010  0.99015    1.25615        1.03025       1.28611     1.05793
  -> balance after the fix: 1.0106 .. 1.0579  (over the 1.05 bar at 5 of 48 bins)
  -> |S21n| > 1 at 48 of 48 bins
  -> residual drift 1.0101 .. 1.0302 (flat? False) -- a FLAT residual would mean normalization was the whole story
  -> NORMALIZATION WAS ONE DEFECT; A SECOND REMAINS. The Kurokawa factor removes most of the reciprocity asymmetry but leaves |S21| > 1 and a frequency-DEPENDENT residual, which no constant real rescale can remove -- the ground on which #498's 2026-08-03 comment falsified a constant per-port rescale. That is the shared property and nothing more: the 2026-08-03 factor is on rfx's own wave channel and DECREASES 1.677 -> 1.605, this one is on the openEMS comparator and INCREASES 1.0101 -> 1.0302 and is ~30x smaller. The verdict rests on the balance and |S21n| numbers, not on that resemblance. NOT a verdict on rfx vs openEMS.

=== reported_only_dx80um  (dx = 8e-05, REPORTED ONLY -- never the comparator (do_not_repeat)) ===
  Re Z_lumped = 50.0000 ohm (pinned Feed_R); Re Z_msl = 33.1899 .. 81.2111 ohm (openEMS MSLPort.ZL -- the independent witness)
   f[GHz]   ReZmsl   |S21|    |S12|   |S21n|   |S12n|   ratio_raw   ratio_new(=drift)   bal_raw  bal_renorm
    0.500   33.190  0.74222  1.34088  0.91099  1.09247    0.55353        0.83389       0.55129     0.83030
    0.600   37.508  0.77276  1.29806  0.89221  1.12427    0.59532        0.79359       0.59772     0.79660
    0.700   41.676  0.80223  1.25505  0.87870  1.14582    0.63920        0.76688       0.64434     0.77289
    0.800   45.451  0.82866  1.21799  0.86913  1.16127    0.68035        0.74844       0.68769     0.75641
    0.900   48.683  0.85096  1.19020  0.86240  1.17442    0.71498        0.73432       0.72545     0.74503
    1.000   51.388  0.86936  1.17026  0.85754  1.18639    0.74288        0.72281       0.75744     0.73702
    1.100   53.714  0.88492  1.15460  0.85378  1.19671    0.76643        0.71344       0.78513     0.73098
    1.200   55.820  0.89874  1.14048  0.85059  1.20503    0.78803        0.70587       0.81019     0.72597
    1.300   57.796  0.91142  1.12692  0.84773  1.21159    0.80878        0.69968       0.83360     0.72155
    1.400   59.657  0.92316  1.11406  0.84514  1.21690    0.82864        0.69450       0.85560     0.71764
    1.500   61.391  0.93394  1.10223  0.84285  1.22136    0.84731        0.69009       0.87610     0.71426
    1.600   62.994  0.94380  1.09149  0.84085  1.22513    0.86470        0.68633       0.89514     0.71140
    1.700   64.480  0.95288  1.08165  0.83909  1.22833    0.88095        0.68312       0.91288     0.70898
    1.750   65.188  0.95717  1.07704  0.83829  1.22979    0.88871        0.68165       0.92135     0.70789
    1.800   65.874  0.96132  1.07264  0.83752  1.23119    0.89622        0.68025       0.92958     0.70688
    1.900   67.187  0.96921  1.06455  0.83611  1.23402    0.91045        0.67754       0.94536     0.70506
    2.000   68.417  0.97657  1.05751  0.83485  1.23703    0.92346        0.67488       0.96025     0.70353
    2.100   69.553  0.98337  1.05154  0.83377  1.24022    0.93517        0.67227       0.97418     0.70232
    2.200   70.590  0.98960  1.04647  0.83286  1.24341    0.94566        0.66982       0.98709     0.70144
    2.300   71.537  0.99528  1.04207  0.83208  1.24645    0.95510        0.66756       0.99903     0.70080
    2.400   72.406  1.00049  1.03819  0.83141  1.24933    0.96369        0.66548       1.01010     0.70035
    2.500   73.209  1.00529  1.03477  0.83080  1.25210    0.97152        0.66352       1.02042     0.70004
    2.600   73.948  1.00971  1.03178  0.83027  1.25477    0.97861        0.66169       1.03005     0.69988
    2.700   74.621  1.01375  1.02914  0.82982  1.25724    0.98505        0.66003       1.03897     0.69988
    2.800   75.229  1.01742  1.02672  0.82946  1.25938    0.99095        0.65862       1.04720     0.70005
    2.900   75.779  1.02076  1.02441  0.82915  1.26114    0.99643        0.65746       1.05477     0.70032
    3.000   76.283  1.02380  1.02219  0.82887  1.26258    1.00158        0.65649       1.06180     0.70065
    3.100   76.749  1.02661  1.02007  0.82862  1.26382    1.00641        0.65565       1.06836     0.70104
    3.200   77.179  1.02921  1.01810  0.82840  1.26489    1.01092        0.65492       1.07452     0.70149
    3.250   77.380  1.03044  1.01715  0.82831  1.26536    1.01306        0.65460       1.07745     0.70175
    3.300   77.571  1.03161  1.01622  0.82823  1.26576    1.01515        0.65434       1.08028     0.70203
    3.400   77.923  1.03380  1.01437  0.82811  1.26632    1.01915        0.65395       1.08563     0.70266
    3.500   78.243  1.03580  1.01251  0.82802  1.26659    1.02300        0.65374       1.09060     0.70333
    3.600   78.541  1.03766  1.01066  0.82793  1.26668    1.02671        0.65362       1.09527     0.70400
    3.700   78.823  1.03942  1.00889  0.82785  1.26674    1.03026        0.65353       1.09974     0.70468
    3.800   79.088  1.04111  1.00724  0.82780  1.26679    1.03363        0.65347       1.10406     0.70540
    3.900   79.331  1.04272  1.00567  0.82781  1.26675    1.03684        0.65349       1.10821     0.70622
    4.000   79.549  1.04423  1.00410  0.82787  1.26652    1.03996        0.65366       1.11214     0.70709
    4.100   79.751  1.04564  1.00252  0.82794  1.26612    1.04301        0.65392       1.11585     0.70798
    4.200   79.945  1.04699  1.00096  0.82800  1.26569    1.04598        0.65419       1.11943     0.70883
    4.300   80.139  1.04835  0.99952  0.82807  1.26540    1.04885        0.65439       1.12299     0.70967
    4.400   80.327  1.04972  0.99821  0.82819  1.26523    1.05160        0.65458       1.12659     0.71057
    4.500   80.498  1.05108  0.99698  0.82838  1.26501    1.05427        0.65484       1.13014     0.71158
    4.600   80.649  1.05237  0.99571  0.82862  1.26458    1.05690        0.65525       1.13351     0.71264
    4.700   80.787  1.05355  0.99440  0.82884  1.26400    1.05948        0.65573       1.13664     0.71364
    4.800   80.926  1.05468  0.99314  0.82901  1.26349    1.06196        0.65613       1.13962     0.71453
    4.900   81.072  1.05585  0.99205  0.82919  1.26324    1.06431        0.65640       1.14266     0.71538
    5.000   81.211  1.05709  0.99109  0.82945  1.26310    1.06659        0.65668       1.14582     0.71637
  -> balance after the fix: 0.6999 .. 0.8303  (over the 1.05 bar at 0 of 48 bins)
  -> |S21n| > 1 at 0 of 48 bins
  -> residual drift 0.6535 .. 0.8339 (flat? False) -- a FLAT residual would mean normalization was the whole story
  -> NORMALIZATION WAS ONE DEFECT; A SECOND REMAINS. The Kurokawa factor removes most of the reciprocity asymmetry but leaves |S21| > 1 and a frequency-DEPENDENT residual, which no constant real rescale can remove -- the ground on which #498's 2026-08-03 comment falsified a constant per-port rescale. That is the shared property and nothing more: the 2026-08-03 factor is on rfx's own wave channel and DECREASES 1.677 -> 1.605, this one is on the openEMS comparator and INCREASES 1.0101 -> 1.0302 and is ~30x smaller. The verdict rests on the balance and |S21n| numbers, not on that resemblance. NOT a verdict on rfx vs openEMS.

=== Written to scripts/diagnostics/_probe_fed_msl_referee_logs/stage2_369367257643_kurokawa_renormalized.json ===

No openEMS was imported, no geometry was built, no VESSL slot was used. The committed artifact is unmodified.
