  [PREFLIGHT] All checks passed (NTFF advisory tier; the PEC-overlap error check runs on forward()/preflight()).
{
  "label": "red",
  "passed": false,
  "source_pass": true,
  "full_tolerance": 0.05,
  "late_tolerance": 0.01,
  "channels": {
    "middle_ez": {
      "full_relative_max": 0.03917538565106822,
      "late_relative_max": 0.0002699891243620377,
      "full_pass": true,
      "late_pass": true
    },
    "middle_hy": {
      "full_relative_max": 0.03732677627500162,
      "late_relative_max": 0.0005142887244341588,
      "full_pass": true,
      "late_pass": true
    },
    "far_ez": {
      "full_relative_max": 0.040408215401410125,
      "late_relative_max": 0.001419392869012653,
      "full_pass": true,
      "late_pass": true
    },
    "far_hy": {
      "full_relative_max": 0.13937570731810509,
      "late_relative_max": 0.0012491969654890248,
      "full_pass": false,
      "late_pass": true
    }
  }
}
